[2022-04-21T02:12:59.762-0400][gc,heap] Heap region size: 1M
[2022-04-21T02:12:59.771-0400][gc     ] Using G1
[2022-04-21T02:12:59.771-0400][gc,heap,coops] Heap address: 0x00000000c0000000, size: 1024 MB, Compressed Oops mode: 32-bit
[2022-04-21T02:12:59.771-0400][gc,cds       ] Mark closed archive regions in map: [0x00000000ffc00000, 0x00000000ffc6aff8]
[2022-04-21T02:12:59.771-0400][gc,cds       ] Mark open archive regions in map: [0x00000000ff800000, 0x00000000ff846ff8]
[2022-04-21T02:13:00.450-0400][gc,start     ] GC(0) Pause Young (Normal) (G1 Evacuation Pause)
[2022-04-21T02:13:00.451-0400][gc,task      ] GC(0) Using 24 workers of 33 for evacuation
[2022-04-21T02:13:00.460-0400][gc,phases    ] GC(0)   Pre Evacuate Collection Set: 0.0ms
[2022-04-21T02:13:00.460-0400][gc,phases    ] GC(0)   Evacuate Collection Set: 7.8ms
[2022-04-21T02:13:00.460-0400][gc,phases    ] GC(0)   Post Evacuate Collection Set: 0.5ms
[2022-04-21T02:13:00.460-0400][gc,phases    ] GC(0)   Other: 1.8ms
[2022-04-21T02:13:00.460-0400][gc,heap      ] GC(0) Eden regions: 51->0(44)
[2022-04-21T02:13:00.460-0400][gc,heap      ] GC(0) Survivor regions: 0->7(7)
[2022-04-21T02:13:00.460-0400][gc,heap      ] GC(0) Old regions: 2->2
[2022-04-21T02:13:00.460-0400][gc,heap      ] GC(0) Humongous regions: 0->0
[2022-04-21T02:13:00.460-0400][gc,metaspace ] GC(0) Metaspace: 16042K->16042K(1062912K)
[2022-04-21T02:13:00.460-0400][gc           ] GC(0) Pause Young (Normal) (G1 Evacuation Pause) 51M->7M(1024M) 10.159ms
[2022-04-21T02:13:00.460-0400][gc,cpu       ] GC(0) User=0.16s Sys=0.00s Real=0.02s
[2022-04-21T02:13:00.606-0400][gc,start     ] GC(1) Pause Young (Concurrent Start) (Metadata GC Threshold)
[2022-04-21T02:13:00.606-0400][gc,task      ] GC(1) Using 24 workers of 33 for evacuation
[2022-04-21T02:13:00.615-0400][gc,phases    ] GC(1)   Pre Evacuate Collection Set: 0.1ms
[2022-04-21T02:13:00.615-0400][gc,phases    ] GC(1)   Evacuate Collection Set: 8.2ms
[2022-04-21T02:13:00.615-0400][gc,phases    ] GC(1)   Post Evacuate Collection Set: 0.3ms
[2022-04-21T02:13:00.615-0400][gc,phases    ] GC(1)   Other: 0.5ms
[2022-04-21T02:13:00.615-0400][gc,heap      ] GC(1) Eden regions: 19->0(49)
[2022-04-21T02:13:00.615-0400][gc,heap      ] GC(1) Survivor regions: 7->2(7)
[2022-04-21T02:13:00.615-0400][gc,heap      ] GC(1) Old regions: 2->9
[2022-04-21T02:13:00.615-0400][gc,heap      ] GC(1) Humongous regions: 0->0
[2022-04-21T02:13:00.615-0400][gc,metaspace ] GC(1) Metaspace: 20585K->20585K(1067008K)
[2022-04-21T02:13:00.615-0400][gc           ] GC(1) Pause Young (Concurrent Start) (Metadata GC Threshold) 25M->8M(1024M) 9.101ms
[2022-04-21T02:13:00.615-0400][gc,cpu       ] GC(1) User=0.08s Sys=0.01s Real=0.01s
[2022-04-21T02:13:00.615-0400][gc           ] GC(2) Concurrent Cycle
[2022-04-21T02:13:00.615-0400][gc,marking   ] GC(2) Concurrent Clear Claimed Marks
[2022-04-21T02:13:00.615-0400][gc,marking   ] GC(2) Concurrent Clear Claimed Marks 0.020ms
[2022-04-21T02:13:00.615-0400][gc,marking   ] GC(2) Concurrent Scan Root Regions
[2022-04-21T02:13:00.616-0400][gc,marking   ] GC(2) Concurrent Scan Root Regions 1.028ms
[2022-04-21T02:13:00.616-0400][gc,marking   ] GC(2) Concurrent Mark (0.873s)
[2022-04-21T02:13:00.616-0400][gc,marking   ] GC(2) Concurrent Mark From Roots
[2022-04-21T02:13:00.617-0400][gc,task      ] GC(2) Using 8 workers of 8 for marking
[2022-04-21T02:13:00.620-0400][gc,marking   ] GC(2) Concurrent Mark From Roots 3.935ms
[2022-04-21T02:13:00.620-0400][gc,marking   ] GC(2) Concurrent Preclean
[2022-04-21T02:13:00.620-0400][gc,marking   ] GC(2) Concurrent Preclean 0.309ms
[2022-04-21T02:13:00.620-0400][gc,marking   ] GC(2) Concurrent Mark (0.873s, 0.878s) 4.276ms
[2022-04-21T02:13:00.620-0400][gc,start     ] GC(2) Pause Remark
[2022-04-21T02:13:00.623-0400][gc,stringtable] GC(2) Cleaned string and symbol table, strings: 4962 processed, 0 removed, symbols: 49648 processed, 50 removed
[2022-04-21T02:13:00.623-0400][gc            ] GC(2) Pause Remark 8M->8M(1024M) 2.500ms
[2022-04-21T02:13:00.623-0400][gc,cpu        ] GC(2) User=0.03s Sys=0.00s Real=0.00s
[2022-04-21T02:13:00.623-0400][gc,marking    ] GC(2) Concurrent Rebuild Remembered Sets
[2022-04-21T02:13:00.625-0400][gc,marking    ] GC(2) Concurrent Rebuild Remembered Sets 1.797ms
[2022-04-21T02:13:00.625-0400][gc,start      ] GC(2) Pause Cleanup
[2022-04-21T02:13:00.625-0400][gc            ] GC(2) Pause Cleanup 9M->9M(1024M) 0.180ms
[2022-04-21T02:13:00.625-0400][gc,cpu        ] GC(2) User=0.01s Sys=0.00s Real=0.00s
[2022-04-21T02:13:00.625-0400][gc,marking    ] GC(2) Concurrent Cleanup for Next Mark
[2022-04-21T02:13:00.627-0400][gc,marking    ] GC(2) Concurrent Cleanup for Next Mark 1.611ms
[2022-04-21T02:13:00.627-0400][gc            ] GC(2) Concurrent Cycle 11.833ms
[2022-04-21T02:13:00.975-0400][gc,start      ] GC(3) Pause Young (Normal) (G1 Evacuation Pause)
[2022-04-21T02:13:00.976-0400][gc,task       ] GC(3) Using 28 workers of 33 for evacuation
[2022-04-21T02:13:00.978-0400][gc,phases     ] GC(3)   Pre Evacuate Collection Set: 0.0ms
[2022-04-21T02:13:00.978-0400][gc,phases     ] GC(3)   Evacuate Collection Set: 2.1ms
[2022-04-21T02:13:00.978-0400][gc,phases     ] GC(3)   Post Evacuate Collection Set: 0.5ms
[2022-04-21T02:13:00.978-0400][gc,phases     ] GC(3)   Other: 0.6ms
[2022-04-21T02:13:00.978-0400][gc,heap       ] GC(3) Eden regions: 49->0(46)
[2022-04-21T02:13:00.978-0400][gc,heap       ] GC(3) Survivor regions: 2->5(7)
[2022-04-21T02:13:00.978-0400][gc,heap       ] GC(3) Old regions: 9->9
[2022-04-21T02:13:00.979-0400][gc,heap       ] GC(3) Humongous regions: 129->129
[2022-04-21T02:13:00.979-0400][gc,metaspace  ] GC(3) Metaspace: 29955K->29955K(1077248K)
[2022-04-21T02:13:00.979-0400][gc            ] GC(3) Pause Young (Normal) (G1 Evacuation Pause) 186M->140M(1024M) 3.294ms
[2022-04-21T02:13:00.979-0400][gc,cpu        ] GC(3) User=0.05s Sys=0.00s Real=0.01s
[2022-04-21T02:13:01.138-0400][gc,start      ] GC(4) Pause Young (Concurrent Start) (Metadata GC Threshold)
[2022-04-21T02:13:01.138-0400][gc,task       ] GC(4) Using 33 workers of 33 for evacuation
[2022-04-21T02:13:01.143-0400][gc,phases     ] GC(4)   Pre Evacuate Collection Set: 0.1ms
[2022-04-21T02:13:01.143-0400][gc,phases     ] GC(4)   Evacuate Collection Set: 3.7ms
[2022-04-21T02:13:01.143-0400][gc,phases     ] GC(4)   Post Evacuate Collection Set: 0.4ms
[2022-04-21T02:13:01.143-0400][gc,phases     ] GC(4)   Other: 0.7ms
[2022-04-21T02:13:01.143-0400][gc,heap       ] GC(4) Eden regions: 23->0(49)
[2022-04-21T02:13:01.143-0400][gc,heap       ] GC(4) Survivor regions: 5->2(7)
[2022-04-21T02:13:01.143-0400][gc,heap       ] GC(4) Old regions: 9->13
[2022-04-21T02:13:01.143-0400][gc,heap       ] GC(4) Humongous regions: 129->129
[2022-04-21T02:13:01.143-0400][gc,metaspace  ] GC(4) Metaspace: 34356K->34356K(1081344K)
[2022-04-21T02:13:01.143-0400][gc            ] GC(4) Pause Young (Concurrent Start) (Metadata GC Threshold) 163M->142M(1024M) 5.033ms
[2022-04-21T02:13:01.143-0400][gc,cpu        ] GC(4) User=0.10s Sys=0.01s Real=0.01s
[2022-04-21T02:13:01.143-0400][gc            ] GC(5) Concurrent Cycle
[2022-04-21T02:13:01.143-0400][gc,marking    ] GC(5) Concurrent Clear Claimed Marks
[2022-04-21T02:13:01.143-0400][gc,marking    ] GC(5) Concurrent Clear Claimed Marks 0.032ms
[2022-04-21T02:13:01.143-0400][gc,marking    ] GC(5) Concurrent Scan Root Regions
[2022-04-21T02:13:01.144-0400][gc,marking    ] GC(5) Concurrent Scan Root Regions 1.302ms
[2022-04-21T02:13:01.144-0400][gc,marking    ] GC(5) Concurrent Mark (1.401s)
[2022-04-21T02:13:01.144-0400][gc,marking    ] GC(5) Concurrent Mark From Roots
[2022-04-21T02:13:01.144-0400][gc,task       ] GC(5) Using 8 workers of 8 for marking
[2022-04-21T02:13:01.149-0400][gc,marking    ] GC(5) Concurrent Mark From Roots 5.159ms
[2022-04-21T02:13:01.149-0400][gc,marking    ] GC(5) Concurrent Preclean
[2022-04-21T02:13:01.150-0400][gc,marking    ] GC(5) Concurrent Preclean 0.287ms
[2022-04-21T02:13:01.150-0400][gc,marking    ] GC(5) Concurrent Mark (1.401s, 1.407s) 5.468ms
[2022-04-21T02:13:01.150-0400][gc,start      ] GC(5) Pause Remark
[2022-04-21T02:13:01.151-0400][gc,stringtable] GC(5) Cleaned string and symbol table, strings: 9707 processed, 12 removed, symbols: 79031 processed, 26 removed
[2022-04-21T02:13:01.152-0400][gc            ] GC(5) Pause Remark 142M->142M(1024M) 1.938ms
[2022-04-21T02:13:01.152-0400][gc,cpu        ] GC(5) User=0.04s Sys=0.00s Real=0.01s
[2022-04-21T02:13:01.152-0400][gc,marking    ] GC(5) Concurrent Rebuild Remembered Sets
[2022-04-21T02:13:01.154-0400][gc,marking    ] GC(5) Concurrent Rebuild Remembered Sets 2.422ms
[2022-04-21T02:13:01.154-0400][gc,start      ] GC(5) Pause Cleanup
[2022-04-21T02:13:01.154-0400][gc            ] GC(5) Pause Cleanup 142M->142M(1024M) 0.176ms
[2022-04-21T02:13:01.154-0400][gc,cpu        ] GC(5) User=0.00s Sys=0.00s Real=0.00s
[2022-04-21T02:13:01.154-0400][gc,marking    ] GC(5) Concurrent Cleanup for Next Mark
[2022-04-21T02:13:01.156-0400][gc,marking    ] GC(5) Concurrent Cleanup for Next Mark 1.454ms
[2022-04-21T02:13:01.156-0400][gc            ] GC(5) Concurrent Cycle 13.164ms
[2022-04-21T02:15:00.721-0400][gc,heap,exit  ] Heap
[2022-04-21T02:15:00.721-0400][gc,heap,exit  ]  garbage-first heap   total 1048576K, used 189490K [0x00000000c0000000, 0x0000000100000000)
[2022-04-21T02:15:00.721-0400][gc,heap,exit  ]   region size 1024K, 47 young (48128K), 2 survivors (2048K)
[2022-04-21T02:15:00.721-0400][gc,heap,exit  ]  Metaspace       used 38740K, capacity 40723K, committed 40908K, reserved 1083392K
[2022-04-21T02:15:00.721-0400][gc,heap,exit  ]   class space    used 5084K, capacity 6053K, committed 6092K, reserved 1048576K
