[2022-04-21T02:16:28.134-0400][gc,heap] Heap region size: 1M
[2022-04-21T02:16:28.144-0400][gc     ] Using G1
[2022-04-21T02:16:28.144-0400][gc,heap,coops] Heap address: 0x00000000c0000000, size: 1024 MB, Compressed Oops mode: 32-bit
[2022-04-21T02:16:28.145-0400][gc,cds       ] Mark closed archive regions in map: [0x00000000ffc00000, 0x00000000ffc6aff8]
[2022-04-21T02:16:28.145-0400][gc,cds       ] Mark open archive regions in map: [0x00000000ff800000, 0x00000000ff846ff8]
[2022-04-21T02:16:28.812-0400][gc,start     ] GC(0) Pause Young (Normal) (G1 Evacuation Pause)
[2022-04-21T02:16:28.814-0400][gc,task      ] GC(0) Using 24 workers of 33 for evacuation
[2022-04-21T02:16:28.823-0400][gc,phases    ] GC(0)   Pre Evacuate Collection Set: 0.0ms
[2022-04-21T02:16:28.823-0400][gc,phases    ] GC(0)   Evacuate Collection Set: 8.7ms
[2022-04-21T02:16:28.823-0400][gc,phases    ] GC(0)   Post Evacuate Collection Set: 0.5ms
[2022-04-21T02:16:28.823-0400][gc,phases    ] GC(0)   Other: 1.7ms
[2022-04-21T02:16:28.823-0400][gc,heap      ] GC(0) Eden regions: 51->0(44)
[2022-04-21T02:16:28.823-0400][gc,heap      ] GC(0) Survivor regions: 0->7(7)
[2022-04-21T02:16:28.823-0400][gc,heap      ] GC(0) Old regions: 2->2
[2022-04-21T02:16:28.823-0400][gc,heap      ] GC(0) Humongous regions: 0->0
[2022-04-21T02:16:28.823-0400][gc,metaspace ] GC(0) Metaspace: 16050K->16050K(1062912K)
[2022-04-21T02:16:28.823-0400][gc           ] GC(0) Pause Young (Normal) (G1 Evacuation Pause) 51M->7M(1024M) 10.934ms
[2022-04-21T02:16:28.823-0400][gc,cpu       ] GC(0) User=0.18s Sys=0.01s Real=0.01s
[2022-04-21T02:16:28.976-0400][gc,start     ] GC(1) Pause Young (Concurrent Start) (Metadata GC Threshold)
[2022-04-21T02:16:28.976-0400][gc,task      ] GC(1) Using 24 workers of 33 for evacuation
[2022-04-21T02:16:28.984-0400][gc,phases    ] GC(1)   Pre Evacuate Collection Set: 0.1ms
[2022-04-21T02:16:28.984-0400][gc,phases    ] GC(1)   Evacuate Collection Set: 7.6ms
[2022-04-21T02:16:28.984-0400][gc,phases    ] GC(1)   Post Evacuate Collection Set: 0.4ms
[2022-04-21T02:16:28.984-0400][gc,phases    ] GC(1)   Other: 0.4ms
[2022-04-21T02:16:28.984-0400][gc,heap      ] GC(1) Eden regions: 19->0(49)
[2022-04-21T02:16:28.984-0400][gc,heap      ] GC(1) Survivor regions: 7->2(7)
[2022-04-21T02:16:28.984-0400][gc,heap      ] GC(1) Old regions: 2->9
[2022-04-21T02:16:28.984-0400][gc,heap      ] GC(1) Humongous regions: 0->0
[2022-04-21T02:16:28.985-0400][gc,metaspace ] GC(1) Metaspace: 20592K->20592K(1067008K)
[2022-04-21T02:16:28.985-0400][gc           ] GC(1) Pause Young (Concurrent Start) (Metadata GC Threshold) 25M->7M(1024M) 8.555ms
[2022-04-21T02:16:28.985-0400][gc,cpu       ] GC(1) User=0.09s Sys=0.00s Real=0.01s
[2022-04-21T02:16:28.985-0400][gc           ] GC(2) Concurrent Cycle
[2022-04-21T02:16:28.985-0400][gc,marking   ] GC(2) Concurrent Clear Claimed Marks
[2022-04-21T02:16:28.985-0400][gc,marking   ] GC(2) Concurrent Clear Claimed Marks 0.015ms
[2022-04-21T02:16:28.985-0400][gc,marking   ] GC(2) Concurrent Scan Root Regions
[2022-04-21T02:16:28.986-0400][gc,marking   ] GC(2) Concurrent Scan Root Regions 1.052ms
[2022-04-21T02:16:28.986-0400][gc,marking   ] GC(2) Concurrent Mark (0.872s)
[2022-04-21T02:16:28.986-0400][gc,marking   ] GC(2) Concurrent Mark From Roots
[2022-04-21T02:16:28.986-0400][gc,task      ] GC(2) Using 8 workers of 8 for marking
[2022-04-21T02:16:28.990-0400][gc,marking   ] GC(2) Concurrent Mark From Roots 4.106ms
[2022-04-21T02:16:28.990-0400][gc,marking   ] GC(2) Concurrent Preclean
[2022-04-21T02:16:28.990-0400][gc,marking   ] GC(2) Concurrent Preclean 0.226ms
[2022-04-21T02:16:28.990-0400][gc,marking   ] GC(2) Concurrent Mark (0.872s, 0.876s) 4.359ms
[2022-04-21T02:16:28.990-0400][gc,start     ] GC(2) Pause Remark
[2022-04-21T02:16:28.992-0400][gc,stringtable] GC(2) Cleaned string and symbol table, strings: 4972 processed, 0 removed, symbols: 49649 processed, 50 removed
[2022-04-21T02:16:28.992-0400][gc            ] GC(2) Pause Remark 8M->8M(1024M) 1.696ms
[2022-04-21T02:16:28.992-0400][gc,cpu        ] GC(2) User=0.02s Sys=0.01s Real=0.00s
[2022-04-21T02:16:28.992-0400][gc,marking    ] GC(2) Concurrent Rebuild Remembered Sets
[2022-04-21T02:16:28.994-0400][gc,marking    ] GC(2) Concurrent Rebuild Remembered Sets 1.730ms
[2022-04-21T02:16:28.994-0400][gc,start      ] GC(2) Pause Cleanup
[2022-04-21T02:16:28.994-0400][gc            ] GC(2) Pause Cleanup 8M->8M(1024M) 0.184ms
[2022-04-21T02:16:28.994-0400][gc,cpu        ] GC(2) User=0.00s Sys=0.00s Real=0.00s
[2022-04-21T02:16:28.994-0400][gc,marking    ] GC(2) Concurrent Cleanup for Next Mark
[2022-04-21T02:16:28.996-0400][gc,marking    ] GC(2) Concurrent Cleanup for Next Mark 1.501ms
[2022-04-21T02:16:28.996-0400][gc            ] GC(2) Concurrent Cycle 11.002ms
[2022-04-21T02:16:29.346-0400][gc,start      ] GC(3) Pause Young (Normal) (G1 Evacuation Pause)
[2022-04-21T02:16:29.347-0400][gc,task       ] GC(3) Using 28 workers of 33 for evacuation
[2022-04-21T02:16:29.349-0400][gc,phases     ] GC(3)   Pre Evacuate Collection Set: 0.0ms
[2022-04-21T02:16:29.349-0400][gc,phases     ] GC(3)   Evacuate Collection Set: 2.4ms
[2022-04-21T02:16:29.349-0400][gc,phases     ] GC(3)   Post Evacuate Collection Set: 0.4ms
[2022-04-21T02:16:29.349-0400][gc,phases     ] GC(3)   Other: 0.4ms
[2022-04-21T02:16:29.349-0400][gc,heap       ] GC(3) Eden regions: 49->0(46)
[2022-04-21T02:16:29.350-0400][gc,heap       ] GC(3) Survivor regions: 2->5(7)
[2022-04-21T02:16:29.350-0400][gc,heap       ] GC(3) Old regions: 9->9
[2022-04-21T02:16:29.350-0400][gc,heap       ] GC(3) Humongous regions: 129->129
[2022-04-21T02:16:29.350-0400][gc,metaspace  ] GC(3) Metaspace: 29884K->29884K(1077248K)
[2022-04-21T02:16:29.350-0400][gc            ] GC(3) Pause Young (Normal) (G1 Evacuation Pause) 185M->140M(1024M) 3.318ms
[2022-04-21T02:16:29.350-0400][gc,cpu        ] GC(3) User=0.05s Sys=0.00s Real=0.00s
[2022-04-21T02:16:29.507-0400][gc,start      ] GC(4) Pause Young (Concurrent Start) (Metadata GC Threshold)
[2022-04-21T02:16:29.507-0400][gc,task       ] GC(4) Using 33 workers of 33 for evacuation
[2022-04-21T02:16:29.512-0400][gc,phases     ] GC(4)   Pre Evacuate Collection Set: 0.2ms
[2022-04-21T02:16:29.512-0400][gc,phases     ] GC(4)   Evacuate Collection Set: 3.6ms
[2022-04-21T02:16:29.512-0400][gc,phases     ] GC(4)   Post Evacuate Collection Set: 0.5ms
[2022-04-21T02:16:29.512-0400][gc,phases     ] GC(4)   Other: 0.8ms
[2022-04-21T02:16:29.512-0400][gc,heap       ] GC(4) Eden regions: 24->0(49)
[2022-04-21T02:16:29.512-0400][gc,heap       ] GC(4) Survivor regions: 5->2(7)
[2022-04-21T02:16:29.512-0400][gc,heap       ] GC(4) Old regions: 9->13
[2022-04-21T02:16:29.512-0400][gc,heap       ] GC(4) Humongous regions: 129->129
[2022-04-21T02:16:29.512-0400][gc,metaspace  ] GC(4) Metaspace: 34452K->34452K(1081344K)
[2022-04-21T02:16:29.512-0400][gc            ] GC(4) Pause Young (Concurrent Start) (Metadata GC Threshold) 164M->142M(1024M) 5.052ms
[2022-04-21T02:16:29.512-0400][gc,cpu        ] GC(4) User=0.11s Sys=0.00s Real=0.01s
[2022-04-21T02:16:29.512-0400][gc            ] GC(5) Concurrent Cycle
[2022-04-21T02:16:29.512-0400][gc,marking    ] GC(5) Concurrent Clear Claimed Marks
[2022-04-21T02:16:29.512-0400][gc,marking    ] GC(5) Concurrent Clear Claimed Marks 0.028ms
[2022-04-21T02:16:29.512-0400][gc,marking    ] GC(5) Concurrent Scan Root Regions
[2022-04-21T02:16:29.513-0400][gc,marking    ] GC(5) Concurrent Scan Root Regions 1.288ms
[2022-04-21T02:16:29.513-0400][gc,marking    ] GC(5) Concurrent Mark (1.400s)
[2022-04-21T02:16:29.513-0400][gc,marking    ] GC(5) Concurrent Mark From Roots
[2022-04-21T02:16:29.513-0400][gc,task       ] GC(5) Using 8 workers of 8 for marking
[2022-04-21T02:16:29.518-0400][gc,marking    ] GC(5) Concurrent Mark From Roots 4.889ms
[2022-04-21T02:16:29.518-0400][gc,marking    ] GC(5) Concurrent Preclean
[2022-04-21T02:16:29.518-0400][gc,marking    ] GC(5) Concurrent Preclean 0.248ms
[2022-04-21T02:16:29.518-0400][gc,marking    ] GC(5) Concurrent Mark (1.400s, 1.405s) 5.167ms
[2022-04-21T02:16:29.519-0400][gc,start      ] GC(5) Pause Remark
[2022-04-21T02:16:29.520-0400][gc,stringtable] GC(5) Cleaned string and symbol table, strings: 9987 processed, 12 removed, symbols: 79036 processed, 26 removed
[2022-04-21T02:16:29.520-0400][gc            ] GC(5) Pause Remark 142M->142M(1024M) 1.921ms
[2022-04-21T02:16:29.520-0400][gc,cpu        ] GC(5) User=0.05s Sys=0.00s Real=0.00s
[2022-04-21T02:16:29.520-0400][gc,marking    ] GC(5) Concurrent Rebuild Remembered Sets
[2022-04-21T02:16:29.523-0400][gc,marking    ] GC(5) Concurrent Rebuild Remembered Sets 2.410ms
[2022-04-21T02:16:29.523-0400][gc,start      ] GC(5) Pause Cleanup
[2022-04-21T02:16:29.523-0400][gc            ] GC(5) Pause Cleanup 142M->142M(1024M) 0.148ms
[2022-04-21T02:16:29.523-0400][gc,cpu        ] GC(5) User=0.00s Sys=0.00s Real=0.00s
[2022-04-21T02:16:29.523-0400][gc,marking    ] GC(5) Concurrent Cleanup for Next Mark
[2022-04-21T02:16:29.524-0400][gc,marking    ] GC(5) Concurrent Cleanup for Next Mark 1.221ms
[2022-04-21T02:16:29.524-0400][gc            ] GC(5) Concurrent Cycle 12.596ms
[2022-04-21T02:17:08.381-0400][gc,start      ] GC(6) Pause Young (Normal) (G1 Evacuation Pause)
[2022-04-21T02:17:08.381-0400][gc,task       ] GC(6) Using 33 workers of 33 for evacuation
[2022-04-21T02:17:08.384-0400][gc,phases     ] GC(6)   Pre Evacuate Collection Set: 0.0ms
[2022-04-21T02:17:08.384-0400][gc,phases     ] GC(6)   Evacuate Collection Set: 1.9ms
[2022-04-21T02:17:08.384-0400][gc,phases     ] GC(6)   Post Evacuate Collection Set: 0.8ms
[2022-04-21T02:17:08.384-0400][gc,phases     ] GC(6)   Other: 0.2ms
[2022-04-21T02:17:08.384-0400][gc,heap       ] GC(6) Eden regions: 49->0(47)
[2022-04-21T02:17:08.384-0400][gc,heap       ] GC(6) Survivor regions: 2->4(7)
[2022-04-21T02:17:08.384-0400][gc,heap       ] GC(6) Old regions: 13->13
[2022-04-21T02:17:08.384-0400][gc,heap       ] GC(6) Humongous regions: 129->129
[2022-04-21T02:17:08.384-0400][gc,metaspace  ] GC(6) Metaspace: 39009K->39009K(1085440K)
[2022-04-21T02:17:08.384-0400][gc            ] GC(6) Pause Young (Normal) (G1 Evacuation Pause) 191M->143M(1024M) 3.048ms
[2022-04-21T02:17:08.384-0400][gc,cpu        ] GC(6) User=0.06s Sys=0.00s Real=0.00s
[2022-04-21T02:18:24.918-0400][gc,start      ] GC(7) Pause Young (Normal) (G1 Evacuation Pause)
[2022-04-21T02:18:24.918-0400][gc,task       ] GC(7) Using 33 workers of 33 for evacuation
[2022-04-21T02:18:24.922-0400][gc,phases     ] GC(7)   Pre Evacuate Collection Set: 0.0ms
[2022-04-21T02:18:24.922-0400][gc,phases     ] GC(7)   Evacuate Collection Set: 2.9ms
[2022-04-21T02:18:24.922-0400][gc,phases     ] GC(7)   Post Evacuate Collection Set: 0.7ms
[2022-04-21T02:18:24.922-0400][gc,phases     ] GC(7)   Other: 0.2ms
[2022-04-21T02:18:24.922-0400][gc,heap       ] GC(7) Eden regions: 47->0(46)
[2022-04-21T02:18:24.922-0400][gc,heap       ] GC(7) Survivor regions: 4->5(7)
[2022-04-21T02:18:24.922-0400][gc,heap       ] GC(7) Old regions: 13->13
[2022-04-21T02:18:24.922-0400][gc,heap       ] GC(7) Humongous regions: 129->129
[2022-04-21T02:18:24.922-0400][gc,metaspace  ] GC(7) Metaspace: 39607K->39607K(1085440K)
[2022-04-21T02:18:24.922-0400][gc            ] GC(7) Pause Young (Normal) (G1 Evacuation Pause) 190M->145M(1024M) 3.977ms
[2022-04-21T02:18:24.922-0400][gc,cpu        ] GC(7) User=0.06s Sys=0.00s Real=0.01s
[2022-04-21T02:19:19.720-0400][gc,heap,exit  ] Heap
[2022-04-21T02:19:19.720-0400][gc,heap,exit  ]  garbage-first heap   total 1048576K, used 159015K [0x00000000c0000000, 0x0000000100000000)
[2022-04-21T02:19:19.720-0400][gc,heap,exit  ]   region size 1024K, 17 young (17408K), 5 survivors (5120K)
[2022-04-21T02:19:19.720-0400][gc,heap,exit  ]  Metaspace       used 39888K, capacity 42009K, committed 42240K, reserved 1085440K
[2022-04-21T02:19:19.720-0400][gc,heap,exit  ]   class space    used 5114K, capacity 6107K, committed 6144K, reserved 1048576K
