[2022-04-21T02:15:21.450-0400][gc,heap] Heap region size: 1M
[2022-04-21T02:15:21.460-0400][gc     ] Using G1
[2022-04-21T02:15:21.460-0400][gc,heap,coops] Heap address: 0x00000000c0000000, size: 1024 MB, Compressed Oops mode: 32-bit
[2022-04-21T02:15:21.461-0400][gc,cds       ] Mark closed archive regions in map: [0x00000000ffc00000, 0x00000000ffc6aff8]
[2022-04-21T02:15:21.461-0400][gc,cds       ] Mark open archive regions in map: [0x00000000ff800000, 0x00000000ff846ff8]
[2022-04-21T02:15:22.145-0400][gc,start     ] GC(0) Pause Young (Normal) (G1 Evacuation Pause)
[2022-04-21T02:15:22.147-0400][gc,task      ] GC(0) Using 24 workers of 33 for evacuation
[2022-04-21T02:15:22.157-0400][gc,phases    ] GC(0)   Pre Evacuate Collection Set: 0.0ms
[2022-04-21T02:15:22.157-0400][gc,phases    ] GC(0)   Evacuate Collection Set: 9.4ms
[2022-04-21T02:15:22.157-0400][gc,phases    ] GC(0)   Post Evacuate Collection Set: 0.5ms
[2022-04-21T02:15:22.157-0400][gc,phases    ] GC(0)   Other: 1.7ms
[2022-04-21T02:15:22.157-0400][gc,heap      ] GC(0) Eden regions: 51->0(44)
[2022-04-21T02:15:22.157-0400][gc,heap      ] GC(0) Survivor regions: 0->7(7)
[2022-04-21T02:15:22.157-0400][gc,heap      ] GC(0) Old regions: 2->2
[2022-04-21T02:15:22.157-0400][gc,heap      ] GC(0) Humongous regions: 0->0
[2022-04-21T02:15:22.157-0400][gc,metaspace ] GC(0) Metaspace: 16286K->16286K(1064960K)
[2022-04-21T02:15:22.157-0400][gc           ] GC(0) Pause Young (Normal) (G1 Evacuation Pause) 51M->7M(1024M) 11.751ms
[2022-04-21T02:15:22.157-0400][gc,cpu       ] GC(0) User=0.21s Sys=0.01s Real=0.01s
[2022-04-21T02:15:22.299-0400][gc,start     ] GC(1) Pause Young (Concurrent Start) (Metadata GC Threshold)
[2022-04-21T02:15:22.299-0400][gc,task      ] GC(1) Using 24 workers of 33 for evacuation
[2022-04-21T02:15:22.307-0400][gc,phases    ] GC(1)   Pre Evacuate Collection Set: 0.1ms
[2022-04-21T02:15:22.307-0400][gc,phases    ] GC(1)   Evacuate Collection Set: 7.9ms
[2022-04-21T02:15:22.307-0400][gc,phases    ] GC(1)   Post Evacuate Collection Set: 0.4ms
[2022-04-21T02:15:22.307-0400][gc,phases    ] GC(1)   Other: 0.4ms
[2022-04-21T02:15:22.307-0400][gc,heap      ] GC(1) Eden regions: 18->0(50)
[2022-04-21T02:15:22.307-0400][gc,heap      ] GC(1) Survivor regions: 7->1(7)
[2022-04-21T02:15:22.307-0400][gc,heap      ] GC(1) Old regions: 2->9
[2022-04-21T02:15:22.307-0400][gc,heap      ] GC(1) Humongous regions: 0->0
[2022-04-21T02:15:22.307-0400][gc,metaspace ] GC(1) Metaspace: 20599K->20599K(1067008K)
[2022-04-21T02:15:22.307-0400][gc           ] GC(1) Pause Young (Concurrent Start) (Metadata GC Threshold) 25M->7M(1024M) 8.851ms
[2022-04-21T02:15:22.308-0400][gc,cpu       ] GC(1) User=0.09s Sys=0.00s Real=0.00s
[2022-04-21T02:15:22.308-0400][gc           ] GC(2) Concurrent Cycle
[2022-04-21T02:15:22.308-0400][gc,marking   ] GC(2) Concurrent Clear Claimed Marks
[2022-04-21T02:15:22.308-0400][gc,marking   ] GC(2) Concurrent Clear Claimed Marks 0.023ms
[2022-04-21T02:15:22.308-0400][gc,marking   ] GC(2) Concurrent Scan Root Regions
[2022-04-21T02:15:22.308-0400][gc,marking   ] GC(2) Concurrent Scan Root Regions 0.851ms
[2022-04-21T02:15:22.308-0400][gc,marking   ] GC(2) Concurrent Mark (0.884s)
[2022-04-21T02:15:22.308-0400][gc,marking   ] GC(2) Concurrent Mark From Roots
[2022-04-21T02:15:22.309-0400][gc,task      ] GC(2) Using 8 workers of 8 for marking
[2022-04-21T02:15:22.312-0400][gc,marking   ] GC(2) Concurrent Mark From Roots 3.797ms
[2022-04-21T02:15:22.312-0400][gc,marking   ] GC(2) Concurrent Preclean
[2022-04-21T02:15:22.313-0400][gc,marking   ] GC(2) Concurrent Preclean 0.284ms
[2022-04-21T02:15:22.313-0400][gc,marking   ] GC(2) Concurrent Mark (0.884s, 0.888s) 4.125ms
[2022-04-21T02:15:22.313-0400][gc,start     ] GC(2) Pause Remark
[2022-04-21T02:15:22.314-0400][gc,stringtable] GC(2) Cleaned string and symbol table, strings: 4962 processed, 0 removed, symbols: 49649 processed, 50 removed
[2022-04-21T02:15:22.314-0400][gc            ] GC(2) Pause Remark 8M->8M(1024M) 1.696ms
[2022-04-21T02:15:22.314-0400][gc,cpu        ] GC(2) User=0.01s Sys=0.00s Real=0.00s
[2022-04-21T02:15:22.314-0400][gc,marking    ] GC(2) Concurrent Rebuild Remembered Sets
[2022-04-21T02:15:22.316-0400][gc,marking    ] GC(2) Concurrent Rebuild Remembered Sets 1.643ms
[2022-04-21T02:15:22.316-0400][gc,start      ] GC(2) Pause Cleanup
[2022-04-21T02:15:22.316-0400][gc            ] GC(2) Pause Cleanup 8M->8M(1024M) 0.142ms
[2022-04-21T02:15:22.316-0400][gc,cpu        ] GC(2) User=0.00s Sys=0.00s Real=0.00s
[2022-04-21T02:15:22.316-0400][gc,marking    ] GC(2) Concurrent Cleanup for Next Mark
[2022-04-21T02:15:22.318-0400][gc,marking    ] GC(2) Concurrent Cleanup for Next Mark 1.417ms
[2022-04-21T02:15:22.318-0400][gc            ] GC(2) Concurrent Cycle 10.304ms
[2022-04-21T02:15:22.670-0400][gc,start      ] GC(3) Pause Young (Normal) (G1 Evacuation Pause)
[2022-04-21T02:15:22.670-0400][gc,task       ] GC(3) Using 28 workers of 33 for evacuation
[2022-04-21T02:15:22.673-0400][gc,phases     ] GC(3)   Pre Evacuate Collection Set: 0.0ms
[2022-04-21T02:15:22.673-0400][gc,phases     ] GC(3)   Evacuate Collection Set: 2.1ms
[2022-04-21T02:15:22.673-0400][gc,phases     ] GC(3)   Post Evacuate Collection Set: 0.4ms
[2022-04-21T02:15:22.673-0400][gc,phases     ] GC(3)   Other: 0.6ms
[2022-04-21T02:15:22.673-0400][gc,heap       ] GC(3) Eden regions: 50->0(46)
[2022-04-21T02:15:22.673-0400][gc,heap       ] GC(3) Survivor regions: 1->5(7)
[2022-04-21T02:15:22.673-0400][gc,heap       ] GC(3) Old regions: 9->9
[2022-04-21T02:15:22.673-0400][gc,heap       ] GC(3) Humongous regions: 129->129
[2022-04-21T02:15:22.673-0400][gc,metaspace  ] GC(3) Metaspace: 29900K->29900K(1077248K)
[2022-04-21T02:15:22.673-0400][gc            ] GC(3) Pause Young (Normal) (G1 Evacuation Pause) 186M->140M(1024M) 3.173ms
[2022-04-21T02:15:22.673-0400][gc,cpu        ] GC(3) User=0.04s Sys=0.01s Real=0.01s
[2022-04-21T02:15:22.832-0400][gc,start      ] GC(4) Pause Young (Concurrent Start) (Metadata GC Threshold)
[2022-04-21T02:15:22.832-0400][gc,task       ] GC(4) Using 33 workers of 33 for evacuation
[2022-04-21T02:15:22.839-0400][gc,phases     ] GC(4)   Pre Evacuate Collection Set: 0.2ms
[2022-04-21T02:15:22.839-0400][gc,phases     ] GC(4)   Evacuate Collection Set: 6.2ms
[2022-04-21T02:15:22.839-0400][gc,phases     ] GC(4)   Post Evacuate Collection Set: 0.5ms
[2022-04-21T02:15:22.840-0400][gc,phases     ] GC(4)   Other: 0.8ms
[2022-04-21T02:15:22.840-0400][gc,heap       ] GC(4) Eden regions: 24->0(49)
[2022-04-21T02:15:22.840-0400][gc,heap       ] GC(4) Survivor regions: 5->2(7)
[2022-04-21T02:15:22.840-0400][gc,heap       ] GC(4) Old regions: 9->13
[2022-04-21T02:15:22.840-0400][gc,heap       ] GC(4) Humongous regions: 129->129
[2022-04-21T02:15:22.840-0400][gc,metaspace  ] GC(4) Metaspace: 34391K->34391K(1081344K)
[2022-04-21T02:15:22.840-0400][gc            ] GC(4) Pause Young (Concurrent Start) (Metadata GC Threshold) 163M->142M(1024M) 7.721ms
[2022-04-21T02:15:22.840-0400][gc,cpu        ] GC(4) User=0.14s Sys=0.00s Real=0.01s
[2022-04-21T02:15:22.840-0400][gc            ] GC(5) Concurrent Cycle
[2022-04-21T02:15:22.840-0400][gc,marking    ] GC(5) Concurrent Clear Claimed Marks
[2022-04-21T02:15:22.840-0400][gc,marking    ] GC(5) Concurrent Clear Claimed Marks 0.036ms
[2022-04-21T02:15:22.840-0400][gc,marking    ] GC(5) Concurrent Scan Root Regions
[2022-04-21T02:15:22.841-0400][gc,marking    ] GC(5) Concurrent Scan Root Regions 1.328ms
[2022-04-21T02:15:22.841-0400][gc,marking    ] GC(5) Concurrent Mark (1.416s)
[2022-04-21T02:15:22.841-0400][gc,marking    ] GC(5) Concurrent Mark From Roots
[2022-04-21T02:15:22.841-0400][gc,task       ] GC(5) Using 8 workers of 8 for marking
[2022-04-21T02:15:22.845-0400][gc,marking    ] GC(5) Concurrent Mark From Roots 4.156ms
[2022-04-21T02:15:22.845-0400][gc,marking    ] GC(5) Concurrent Preclean
[2022-04-21T02:15:22.846-0400][gc,marking    ] GC(5) Concurrent Preclean 0.281ms
[2022-04-21T02:15:22.846-0400][gc,marking    ] GC(5) Concurrent Mark (1.416s, 1.421s) 4.475ms
[2022-04-21T02:15:22.846-0400][gc,start      ] GC(5) Pause Remark
[2022-04-21T02:15:22.847-0400][gc,stringtable] GC(5) Cleaned string and symbol table, strings: 9799 processed, 12 removed, symbols: 79032 processed, 26 removed
[2022-04-21T02:15:22.848-0400][gc            ] GC(5) Pause Remark 142M->142M(1024M) 2.053ms
[2022-04-21T02:15:22.848-0400][gc,cpu        ] GC(5) User=0.05s Sys=0.00s Real=0.00s
[2022-04-21T02:15:22.848-0400][gc,marking    ] GC(5) Concurrent Rebuild Remembered Sets
[2022-04-21T02:15:22.851-0400][gc,marking    ] GC(5) Concurrent Rebuild Remembered Sets 2.937ms
[2022-04-21T02:15:22.851-0400][gc,start      ] GC(5) Pause Cleanup
[2022-04-21T02:15:22.851-0400][gc            ] GC(5) Pause Cleanup 143M->143M(1024M) 0.161ms
[2022-04-21T02:15:22.851-0400][gc,cpu        ] GC(5) User=0.00s Sys=0.00s Real=0.00s
[2022-04-21T02:15:22.851-0400][gc,marking    ] GC(5) Concurrent Cleanup for Next Mark
[2022-04-21T02:15:22.852-0400][gc,marking    ] GC(5) Concurrent Cleanup for Next Mark 1.247ms
[2022-04-21T02:15:22.852-0400][gc            ] GC(5) Concurrent Cycle 12.654ms
[2022-04-21T02:16:07.397-0400][gc,heap,exit  ] Heap
[2022-04-21T02:16:07.397-0400][gc,heap,exit  ]  garbage-first heap   total 1048576K, used 182337K [0x00000000c0000000, 0x0000000100000000)
[2022-04-21T02:16:07.397-0400][gc,heap,exit  ]   region size 1024K, 39 young (39936K), 2 survivors (2048K)
[2022-04-21T02:16:07.397-0400][gc,heap,exit  ]  Metaspace       used 38266K, capacity 40129K, committed 40320K, reserved 1083392K
[2022-04-21T02:16:07.397-0400][gc,heap,exit  ]   class space    used 5037K, capacity 5975K, committed 6016K, reserved 1048576K
