[2022-04-21T01:49:57.158-0400][gc,heap] Heap region size: 1M
[2022-04-21T01:49:57.166-0400][gc     ] Using G1
[2022-04-21T01:49:57.166-0400][gc,heap,coops] Heap address: 0x00000000c0000000, size: 1024 MB, Compressed Oops mode: 32-bit
[2022-04-21T01:49:57.166-0400][gc,cds       ] Mark closed archive regions in map: [0x00000000ffc00000, 0x00000000ffc6aff8]
[2022-04-21T01:49:57.166-0400][gc,cds       ] Mark open archive regions in map: [0x00000000ff800000, 0x00000000ff846ff8]
[2022-04-21T01:49:57.844-0400][gc,start     ] GC(0) Pause Young (Normal) (G1 Evacuation Pause)
[2022-04-21T01:49:57.845-0400][gc,task      ] GC(0) Using 24 workers of 33 for evacuation
[2022-04-21T01:49:57.855-0400][gc,phases    ] GC(0)   Pre Evacuate Collection Set: 0.0ms
[2022-04-21T01:49:57.855-0400][gc,phases    ] GC(0)   Evacuate Collection Set: 8.7ms
[2022-04-21T01:49:57.855-0400][gc,phases    ] GC(0)   Post Evacuate Collection Set: 0.6ms
[2022-04-21T01:49:57.855-0400][gc,phases    ] GC(0)   Other: 1.8ms
[2022-04-21T01:49:57.855-0400][gc,heap      ] GC(0) Eden regions: 51->0(44)
[2022-04-21T01:49:57.855-0400][gc,heap      ] GC(0) Survivor regions: 0->7(7)
[2022-04-21T01:49:57.855-0400][gc,heap      ] GC(0) Old regions: 2->2
[2022-04-21T01:49:57.855-0400][gc,heap      ] GC(0) Humongous regions: 0->0
[2022-04-21T01:49:57.855-0400][gc,metaspace ] GC(0) Metaspace: 16231K->16231K(1064960K)
[2022-04-21T01:49:57.855-0400][gc           ] GC(0) Pause Young (Normal) (G1 Evacuation Pause) 51M->7M(1024M) 11.148ms
[2022-04-21T01:49:57.855-0400][gc,cpu       ] GC(0) User=0.16s Sys=0.02s Real=0.01s
[2022-04-21T01:49:58.000-0400][gc,start     ] GC(1) Pause Young (Concurrent Start) (Metadata GC Threshold)
[2022-04-21T01:49:58.000-0400][gc,task      ] GC(1) Using 24 workers of 33 for evacuation
[2022-04-21T01:49:58.006-0400][gc,phases    ] GC(1)   Pre Evacuate Collection Set: 0.1ms
[2022-04-21T01:49:58.006-0400][gc,phases    ] GC(1)   Evacuate Collection Set: 5.6ms
[2022-04-21T01:49:58.006-0400][gc,phases    ] GC(1)   Post Evacuate Collection Set: 0.4ms
[2022-04-21T01:49:58.006-0400][gc,phases    ] GC(1)   Other: 0.3ms
[2022-04-21T01:49:58.006-0400][gc,heap      ] GC(1) Eden regions: 19->0(50)
[2022-04-21T01:49:58.006-0400][gc,heap      ] GC(1) Survivor regions: 7->1(7)
[2022-04-21T01:49:58.006-0400][gc,heap      ] GC(1) Old regions: 2->9
[2022-04-21T01:49:58.006-0400][gc,heap      ] GC(1) Humongous regions: 0->0
[2022-04-21T01:49:58.006-0400][gc,metaspace ] GC(1) Metaspace: 20642K->20642K(1067008K)
[2022-04-21T01:49:58.006-0400][gc           ] GC(1) Pause Young (Concurrent Start) (Metadata GC Threshold) 25M->7M(1024M) 6.379ms
[2022-04-21T01:49:58.006-0400][gc,cpu       ] GC(1) User=0.07s Sys=0.01s Real=0.00s
[2022-04-21T01:49:58.006-0400][gc           ] GC(2) Concurrent Cycle
[2022-04-21T01:49:58.006-0400][gc,marking   ] GC(2) Concurrent Clear Claimed Marks
[2022-04-21T01:49:58.006-0400][gc,marking   ] GC(2) Concurrent Clear Claimed Marks 0.021ms
[2022-04-21T01:49:58.006-0400][gc,marking   ] GC(2) Concurrent Scan Root Regions
[2022-04-21T01:49:58.007-0400][gc,marking   ] GC(2) Concurrent Scan Root Regions 0.823ms
[2022-04-21T01:49:58.007-0400][gc,marking   ] GC(2) Concurrent Mark (0.870s)
[2022-04-21T01:49:58.007-0400][gc,marking   ] GC(2) Concurrent Mark From Roots
[2022-04-21T01:49:58.007-0400][gc,task      ] GC(2) Using 8 workers of 8 for marking
[2022-04-21T01:49:58.011-0400][gc,marking   ] GC(2) Concurrent Mark From Roots 4.421ms
[2022-04-21T01:49:58.011-0400][gc,marking   ] GC(2) Concurrent Preclean
[2022-04-21T01:49:58.012-0400][gc,marking   ] GC(2) Concurrent Preclean 0.311ms
[2022-04-21T01:49:58.012-0400][gc,marking   ] GC(2) Concurrent Mark (0.870s, 0.874s) 4.761ms
[2022-04-21T01:49:58.037-0400][gc,start     ] GC(2) Pause Remark
[2022-04-21T01:49:58.039-0400][gc,stringtable] GC(2) Cleaned string and symbol table, strings: 4982 processed, 0 removed, symbols: 50147 processed, 51 removed
[2022-04-21T01:49:58.039-0400][gc            ] GC(2) Pause Remark 137M->137M(1024M) 1.888ms
[2022-04-21T01:49:58.039-0400][gc,cpu        ] GC(2) User=0.02s Sys=0.00s Real=0.01s
[2022-04-21T01:49:58.039-0400][gc,marking    ] GC(2) Concurrent Rebuild Remembered Sets
[2022-04-21T01:49:58.041-0400][gc,marking    ] GC(2) Concurrent Rebuild Remembered Sets 1.991ms
[2022-04-21T01:49:58.041-0400][gc,start      ] GC(2) Pause Cleanup
[2022-04-21T01:49:58.042-0400][gc            ] GC(2) Pause Cleanup 138M->138M(1024M) 0.211ms
[2022-04-21T01:49:58.042-0400][gc,cpu        ] GC(2) User=0.00s Sys=0.00s Real=0.00s
[2022-04-21T01:49:58.042-0400][gc,marking    ] GC(2) Concurrent Cleanup for Next Mark
[2022-04-21T01:49:58.044-0400][gc,marking    ] GC(2) Concurrent Cleanup for Next Mark 2.874ms
[2022-04-21T01:49:58.044-0400][gc            ] GC(2) Concurrent Cycle 38.535ms
[2022-04-21T01:49:58.367-0400][gc,start      ] GC(3) Pause Young (Normal) (G1 Evacuation Pause)
[2022-04-21T01:49:58.368-0400][gc,task       ] GC(3) Using 30 workers of 33 for evacuation
[2022-04-21T01:49:58.370-0400][gc,phases     ] GC(3)   Pre Evacuate Collection Set: 0.0ms
[2022-04-21T01:49:58.370-0400][gc,phases     ] GC(3)   Evacuate Collection Set: 2.0ms
[2022-04-21T01:49:58.370-0400][gc,phases     ] GC(3)   Post Evacuate Collection Set: 0.4ms
[2022-04-21T01:49:58.370-0400][gc,phases     ] GC(3)   Other: 0.6ms
[2022-04-21T01:49:58.370-0400][gc,heap       ] GC(3) Eden regions: 50->0(46)
[2022-04-21T01:49:58.370-0400][gc,heap       ] GC(3) Survivor regions: 1->5(7)
[2022-04-21T01:49:58.370-0400][gc,heap       ] GC(3) Old regions: 9->9
[2022-04-21T01:49:58.370-0400][gc,heap       ] GC(3) Humongous regions: 129->129
[2022-04-21T01:49:58.370-0400][gc,metaspace  ] GC(3) Metaspace: 30196K->30196K(1077248K)
[2022-04-21T01:49:58.370-0400][gc            ] GC(3) Pause Young (Normal) (G1 Evacuation Pause) 186M->140M(1024M) 3.061ms
[2022-04-21T01:49:58.370-0400][gc,cpu        ] GC(3) User=0.06s Sys=0.01s Real=0.01s
[2022-04-21T01:49:58.582-0400][gc,start      ] GC(4) Pause Young (Concurrent Start) (Metadata GC Threshold)
[2022-04-21T01:49:58.582-0400][gc,task       ] GC(4) Using 33 workers of 33 for evacuation
[2022-04-21T01:49:58.590-0400][gc,phases     ] GC(4)   Pre Evacuate Collection Set: 0.2ms
[2022-04-21T01:49:58.590-0400][gc,phases     ] GC(4)   Evacuate Collection Set: 6.9ms
[2022-04-21T01:49:58.590-0400][gc,phases     ] GC(4)   Post Evacuate Collection Set: 0.6ms
[2022-04-21T01:49:58.590-0400][gc,phases     ] GC(4)   Other: 0.7ms
[2022-04-21T01:49:58.590-0400][gc,heap       ] GC(4) Eden regions: 25->0(49)
[2022-04-21T01:49:58.590-0400][gc,heap       ] GC(4) Survivor regions: 5->2(7)
[2022-04-21T01:49:58.590-0400][gc,heap       ] GC(4) Old regions: 9->13
[2022-04-21T01:49:58.590-0400][gc,heap       ] GC(4) Humongous regions: 129->129
[2022-04-21T01:49:58.590-0400][gc,metaspace  ] GC(4) Metaspace: 34542K->34542K(1081344K)
[2022-04-21T01:49:58.590-0400][gc            ] GC(4) Pause Young (Concurrent Start) (Metadata GC Threshold) 165M->142M(1024M) 8.370ms
[2022-04-21T01:49:58.590-0400][gc,cpu        ] GC(4) User=0.12s Sys=0.00s Real=0.01s
[2022-04-21T01:49:58.590-0400][gc            ] GC(5) Concurrent Cycle
[2022-04-21T01:49:58.591-0400][gc,marking    ] GC(5) Concurrent Clear Claimed Marks
[2022-04-21T01:49:58.591-0400][gc,marking    ] GC(5) Concurrent Clear Claimed Marks 0.028ms
[2022-04-21T01:49:58.591-0400][gc,marking    ] GC(5) Concurrent Scan Root Regions
[2022-04-21T01:49:58.592-0400][gc,marking    ] GC(5) Concurrent Scan Root Regions 1.140ms
[2022-04-21T01:49:58.592-0400][gc,marking    ] GC(5) Concurrent Mark (1.455s)
[2022-04-21T01:49:58.592-0400][gc,marking    ] GC(5) Concurrent Mark From Roots
[2022-04-21T01:49:58.592-0400][gc,task       ] GC(5) Using 8 workers of 8 for marking
[2022-04-21T01:49:58.597-0400][gc,marking    ] GC(5) Concurrent Mark From Roots 4.974ms
[2022-04-21T01:49:58.597-0400][gc,marking    ] GC(5) Concurrent Preclean
[2022-04-21T01:49:58.597-0400][gc,marking    ] GC(5) Concurrent Preclean 0.242ms
[2022-04-21T01:49:58.597-0400][gc,marking    ] GC(5) Concurrent Mark (1.455s, 1.460s) 5.247ms
[2022-04-21T01:49:58.597-0400][gc,start      ] GC(5) Pause Remark
[2022-04-21T01:49:58.600-0400][gc,stringtable] GC(5) Cleaned string and symbol table, strings: 9805 processed, 12 removed, symbols: 79034 processed, 26 removed
[2022-04-21T01:49:58.600-0400][gc            ] GC(5) Pause Remark 142M->142M(1024M) 2.754ms
[2022-04-21T01:49:58.600-0400][gc,cpu        ] GC(5) User=0.08s Sys=0.00s Real=0.01s
[2022-04-21T01:49:58.600-0400][gc,marking    ] GC(5) Concurrent Rebuild Remembered Sets
[2022-04-21T01:49:58.602-0400][gc,marking    ] GC(5) Concurrent Rebuild Remembered Sets 2.129ms
[2022-04-21T01:49:58.602-0400][gc,start      ] GC(5) Pause Cleanup
[2022-04-21T01:49:58.602-0400][gc            ] GC(5) Pause Cleanup 142M->142M(1024M) 0.187ms
[2022-04-21T01:49:58.602-0400][gc,cpu        ] GC(5) User=0.00s Sys=0.00s Real=0.00s
[2022-04-21T01:49:58.602-0400][gc,marking    ] GC(5) Concurrent Cleanup for Next Mark
[2022-04-21T01:49:58.603-0400][gc,marking    ] GC(5) Concurrent Cleanup for Next Mark 1.121ms
[2022-04-21T01:49:58.603-0400][gc            ] GC(5) Concurrent Cycle 12.999ms
[2022-04-21T01:53:33.749-0400][gc,heap,exit  ] Heap
[2022-04-21T01:53:33.749-0400][gc,heap,exit  ]  garbage-first heap   total 1048576K, used 166988K [0x00000000c0000000, 0x0000000100000000)
[2022-04-21T01:53:33.749-0400][gc,heap,exit  ]   region size 1024K, 25 young (25600K), 2 survivors (2048K)
[2022-04-21T01:53:33.749-0400][gc,heap,exit  ]  Metaspace       used 35975K, capacity 37541K, committed 37840K, reserved 1081344K
[2022-04-21T01:53:33.749-0400][gc,heap,exit  ]   class space    used 4567K, capacity 5296K, committed 5328K, reserved 1048576K
