[2022-04-21T02:05:54.122-0400][gc,heap] Heap region size: 1M
[2022-04-21T02:05:54.132-0400][gc     ] Using G1
[2022-04-21T02:05:54.132-0400][gc,heap,coops] Heap address: 0x00000000c0000000, size: 1024 MB, Compressed Oops mode: 32-bit
[2022-04-21T02:05:54.132-0400][gc,cds       ] Mark closed archive regions in map: [0x00000000ffc00000, 0x00000000ffc6aff8]
[2022-04-21T02:05:54.132-0400][gc,cds       ] Mark open archive regions in map: [0x00000000ff800000, 0x00000000ff846ff8]
[2022-04-21T02:05:54.782-0400][gc,start     ] GC(0) Pause Young (Normal) (G1 Evacuation Pause)
[2022-04-21T02:05:54.784-0400][gc,task      ] GC(0) Using 24 workers of 33 for evacuation
[2022-04-21T02:05:54.793-0400][gc,phases    ] GC(0)   Pre Evacuate Collection Set: 0.0ms
[2022-04-21T02:05:54.793-0400][gc,phases    ] GC(0)   Evacuate Collection Set: 8.0ms
[2022-04-21T02:05:54.793-0400][gc,phases    ] GC(0)   Post Evacuate Collection Set: 0.5ms
[2022-04-21T02:05:54.793-0400][gc,phases    ] GC(0)   Other: 1.8ms
[2022-04-21T02:05:54.793-0400][gc,heap      ] GC(0) Eden regions: 51->0(44)
[2022-04-21T02:05:54.793-0400][gc,heap      ] GC(0) Survivor regions: 0->7(7)
[2022-04-21T02:05:54.793-0400][gc,heap      ] GC(0) Old regions: 2->2
[2022-04-21T02:05:54.793-0400][gc,heap      ] GC(0) Humongous regions: 0->0
[2022-04-21T02:05:54.793-0400][gc,metaspace ] GC(0) Metaspace: 15602K->15602K(1062912K)
[2022-04-21T02:05:54.793-0400][gc           ] GC(0) Pause Young (Normal) (G1 Evacuation Pause) 51M->7M(1024M) 10.504ms
[2022-04-21T02:05:54.793-0400][gc,cpu       ] GC(0) User=0.16s Sys=0.01s Real=0.01s
[2022-04-21T02:05:54.943-0400][gc,start     ] GC(1) Pause Young (Concurrent Start) (Metadata GC Threshold)
[2022-04-21T02:05:54.943-0400][gc,task      ] GC(1) Using 24 workers of 33 for evacuation
[2022-04-21T02:05:54.951-0400][gc,phases    ] GC(1)   Pre Evacuate Collection Set: 0.1ms
[2022-04-21T02:05:54.951-0400][gc,phases    ] GC(1)   Evacuate Collection Set: 7.3ms
[2022-04-21T02:05:54.951-0400][gc,phases    ] GC(1)   Post Evacuate Collection Set: 0.3ms
[2022-04-21T02:05:54.951-0400][gc,phases    ] GC(1)   Other: 0.4ms
[2022-04-21T02:05:54.951-0400][gc,heap      ] GC(1) Eden regions: 20->0(49)
[2022-04-21T02:05:54.951-0400][gc,heap      ] GC(1) Survivor regions: 7->2(7)
[2022-04-21T02:05:54.951-0400][gc,heap      ] GC(1) Old regions: 2->9
[2022-04-21T02:05:54.951-0400][gc,heap      ] GC(1) Humongous regions: 0->0
[2022-04-21T02:05:54.951-0400][gc,metaspace ] GC(1) Metaspace: 20585K->20585K(1067008K)
[2022-04-21T02:05:54.951-0400][gc           ] GC(1) Pause Young (Concurrent Start) (Metadata GC Threshold) 27M->7M(1024M) 8.190ms
[2022-04-21T02:05:54.951-0400][gc,cpu       ] GC(1) User=0.09s Sys=0.01s Real=0.01s
[2022-04-21T02:05:54.951-0400][gc           ] GC(2) Concurrent Cycle
[2022-04-21T02:05:54.951-0400][gc,marking   ] GC(2) Concurrent Clear Claimed Marks
[2022-04-21T02:05:54.951-0400][gc,marking   ] GC(2) Concurrent Clear Claimed Marks 0.024ms
[2022-04-21T02:05:54.951-0400][gc,marking   ] GC(2) Concurrent Scan Root Regions
[2022-04-21T02:05:54.953-0400][gc,marking   ] GC(2) Concurrent Scan Root Regions 1.285ms
[2022-04-21T02:05:54.953-0400][gc,marking   ] GC(2) Concurrent Mark (0.855s)
[2022-04-21T02:05:54.953-0400][gc,marking   ] GC(2) Concurrent Mark From Roots
[2022-04-21T02:05:54.953-0400][gc,task      ] GC(2) Using 8 workers of 8 for marking
[2022-04-21T02:05:54.957-0400][gc,marking   ] GC(2) Concurrent Mark From Roots 3.919ms
[2022-04-21T02:05:54.957-0400][gc,marking   ] GC(2) Concurrent Preclean
[2022-04-21T02:05:54.957-0400][gc,marking   ] GC(2) Concurrent Preclean 0.205ms
[2022-04-21T02:05:54.957-0400][gc,marking   ] GC(2) Concurrent Mark (0.855s, 0.859s) 4.149ms
[2022-04-21T02:05:54.957-0400][gc,start     ] GC(2) Pause Remark
[2022-04-21T02:05:54.958-0400][gc,stringtable] GC(2) Cleaned string and symbol table, strings: 5051 processed, 0 removed, symbols: 49648 processed, 50 removed
[2022-04-21T02:05:54.959-0400][gc            ] GC(2) Pause Remark 8M->8M(1024M) 1.827ms
[2022-04-21T02:05:54.959-0400][gc,cpu        ] GC(2) User=0.02s Sys=0.00s Real=0.01s
[2022-04-21T02:05:54.959-0400][gc,marking    ] GC(2) Concurrent Rebuild Remembered Sets
[2022-04-21T02:05:54.960-0400][gc,marking    ] GC(2) Concurrent Rebuild Remembered Sets 1.732ms
[2022-04-21T02:05:54.961-0400][gc,start      ] GC(2) Pause Cleanup
[2022-04-21T02:05:54.961-0400][gc            ] GC(2) Pause Cleanup 8M->8M(1024M) 0.157ms
[2022-04-21T02:05:54.961-0400][gc,cpu        ] GC(2) User=0.00s Sys=0.00s Real=0.00s
[2022-04-21T02:05:54.961-0400][gc,marking    ] GC(2) Concurrent Cleanup for Next Mark
[2022-04-21T02:05:54.962-0400][gc,marking    ] GC(2) Concurrent Cleanup for Next Mark 1.468ms
[2022-04-21T02:05:54.962-0400][gc            ] GC(2) Concurrent Cycle 11.069ms
[2022-04-21T02:05:58.935-0400][gc,heap,exit  ] Heap
[2022-04-21T02:05:58.935-0400][gc,heap,exit  ]  garbage-first heap   total 1048576K, used 185201K [0x00000000c0000000, 0x0000000100000000)
[2022-04-21T02:05:58.935-0400][gc,heap,exit  ]   region size 1024K, 48 young (49152K), 2 survivors (2048K)
[2022-04-21T02:05:58.935-0400][gc,heap,exit  ]  Metaspace       used 28174K, capacity 29196K, committed 29440K, reserved 1075200K
[2022-04-21T02:05:58.935-0400][gc,heap,exit  ]   class space    used 3642K, capacity 4081K, committed 4096K, reserved 1048576K
