[2022-05-14T12:17:15.600-0500][gc,heap] Heap region size: 1M
[2022-05-14T12:17:15.603-0500][gc     ] Using G1
[2022-05-14T12:17:15.603-0500][gc,heap,coops] Heap address: 0x00000000e0000000, size: 512 MB, Compressed Oops mode: 32-bit
[2022-05-14T12:17:15.604-0500][gc,cds       ] Mark closed archive regions in map: [0x00000000ffc00000, 0x00000000ffc6aff8]
[2022-05-14T12:17:15.604-0500][gc,cds       ] Mark open archive regions in map: [0x00000000ff800000, 0x00000000ff846ff8]
[2022-05-14T12:17:36.240-0500][gc,start     ] GC(0) Pause Young (Normal) (G1 Evacuation Pause)
[2022-05-14T12:17:36.241-0500][gc,task      ] GC(0) Using 12 workers of 33 for evacuation
[2022-05-14T12:17:36.245-0500][gc,phases    ] GC(0)   Pre Evacuate Collection Set: 0.0ms
[2022-05-14T12:17:36.245-0500][gc,phases    ] GC(0)   Evacuate Collection Set: 3.7ms
[2022-05-14T12:17:36.245-0500][gc,phases    ] GC(0)   Post Evacuate Collection Set: 0.3ms
[2022-05-14T12:17:36.245-0500][gc,phases    ] GC(0)   Other: 0.8ms
[2022-05-14T12:17:36.245-0500][gc,heap      ] GC(0) Eden regions: 25->0(21)
[2022-05-14T12:17:36.245-0500][gc,heap      ] GC(0) Survivor regions: 0->4(4)
[2022-05-14T12:17:36.245-0500][gc,heap      ] GC(0) Old regions: 2->4
[2022-05-14T12:17:36.245-0500][gc,heap      ] GC(0) Humongous regions: 0->0
[2022-05-14T12:17:36.245-0500][gc,metaspace ] GC(0) Metaspace: 7677K->7677K(1056768K)
[2022-05-14T12:17:36.245-0500][gc           ] GC(0) Pause Young (Normal) (G1 Evacuation Pause) 25M->5M(512M) 4.923ms
[2022-05-14T12:17:36.245-0500][gc,cpu       ] GC(0) User=0.04s Sys=0.00s Real=0.01s
[2022-05-14T12:26:57.902-0500][gc,heap,exit ] Heap
[2022-05-14T12:26:57.902-0500][gc,heap,exit ]  garbage-first heap   total 524288K, used 15277K [0x00000000e0000000, 0x0000000100000000)
[2022-05-14T12:26:57.902-0500][gc,heap,exit ]   region size 1024K, 14 young (14336K), 4 survivors (4096K)
[2022-05-14T12:26:57.902-0500][gc,heap,exit ]  Metaspace       used 8183K, capacity 8520K, committed 8704K, reserved 1056768K
[2022-05-14T12:26:57.902-0500][gc,heap,exit ]   class space    used 886K, capacity 1014K, committed 1024K, reserved 1048576K
