[2022-04-21T02:19:20.430-0400][gc,heap] Heap region size: 1M
[2022-04-21T02:19:20.436-0400][gc     ] Using G1
[2022-04-21T02:19:20.436-0400][gc,heap,coops] Heap address: 0x00000000e0000000, size: 512 MB, Compressed Oops mode: 32-bit
[2022-04-21T02:19:20.436-0400][gc,cds       ] Mark closed archive regions in map: [0x00000000ffc00000, 0x00000000ffc6aff8]
[2022-04-21T02:19:20.436-0400][gc,cds       ] Mark open archive regions in map: [0x00000000ff800000, 0x00000000ff846ff8]
[2022-04-21T02:19:20.732-0400][gc,start     ] GC(0) Pause Young (Normal) (GCLocker Initiated GC)
[2022-04-21T02:19:20.733-0400][gc,task      ] GC(0) Using 12 workers of 33 for evacuation
[2022-04-21T02:19:20.740-0400][gc,phases    ] GC(0)   Pre Evacuate Collection Set: 0.0ms
[2022-04-21T02:19:20.740-0400][gc,phases    ] GC(0)   Evacuate Collection Set: 7.1ms
[2022-04-21T02:19:20.740-0400][gc,phases    ] GC(0)   Post Evacuate Collection Set: 0.4ms
[2022-04-21T02:19:20.740-0400][gc,phases    ] GC(0)   Other: 1.0ms
[2022-04-21T02:19:20.740-0400][gc,heap      ] GC(0) Eden regions: 25->0(21)
[2022-04-21T02:19:20.740-0400][gc,heap      ] GC(0) Survivor regions: 0->4(4)
[2022-04-21T02:19:20.740-0400][gc,heap      ] GC(0) Old regions: 2->4
[2022-04-21T02:19:20.740-0400][gc,heap      ] GC(0) Humongous regions: 0->0
[2022-04-21T02:19:20.740-0400][gc,metaspace ] GC(0) Metaspace: 7602K->7602K(1056768K)
[2022-04-21T02:19:20.740-0400][gc           ] GC(0) Pause Young (Normal) (GCLocker Initiated GC) 25M->5M(512M) 8.526ms
[2022-04-21T02:19:20.740-0400][gc,cpu       ] GC(0) User=0.08s Sys=0.00s Real=0.01s
[2022-04-21T02:20:33.844-0400][gc,heap,exit ] Heap
[2022-04-21T02:20:33.844-0400][gc,heap,exit ]  garbage-first heap   total 524288K, used 16308K [0x00000000e0000000, 0x0000000100000000)
[2022-04-21T02:20:33.844-0400][gc,heap,exit ]   region size 1024K, 15 young (15360K), 4 survivors (4096K)
[2022-04-21T02:20:33.844-0400][gc,heap,exit ]  Metaspace       used 8295K, capacity 8583K, committed 8704K, reserved 1056768K
[2022-04-21T02:20:33.844-0400][gc,heap,exit ]   class space    used 890K, capacity 1015K, committed 1024K, reserved 1048576K
