[2022-04-21T02:09:05.186-0400][gc,heap] Heap region size: 1M
[2022-04-21T02:09:05.195-0400][gc     ] Using G1
[2022-04-21T02:09:05.196-0400][gc,heap,coops] Heap address: 0x00000000c0000000, size: 1024 MB, Compressed Oops mode: 32-bit
[2022-04-21T02:09:05.196-0400][gc,cds       ] Mark closed archive regions in map: [0x00000000ffc00000, 0x00000000ffc6aff8]
[2022-04-21T02:09:05.196-0400][gc,cds       ] Mark open archive regions in map: [0x00000000ff800000, 0x00000000ff846ff8]
[2022-04-21T02:09:05.856-0400][gc,start     ] GC(0) Pause Young (Normal) (G1 Evacuation Pause)
[2022-04-21T02:09:05.857-0400][gc,task      ] GC(0) Using 24 workers of 33 for evacuation
[2022-04-21T02:09:05.865-0400][gc,phases    ] GC(0)   Pre Evacuate Collection Set: 0.0ms
[2022-04-21T02:09:05.865-0400][gc,phases    ] GC(0)   Evacuate Collection Set: 6.5ms
[2022-04-21T02:09:05.865-0400][gc,phases    ] GC(0)   Post Evacuate Collection Set: 0.5ms
[2022-04-21T02:09:05.865-0400][gc,phases    ] GC(0)   Other: 1.9ms
[2022-04-21T02:09:05.865-0400][gc,heap      ] GC(0) Eden regions: 51->0(44)
[2022-04-21T02:09:05.865-0400][gc,heap      ] GC(0) Survivor regions: 0->7(7)
[2022-04-21T02:09:05.865-0400][gc,heap      ] GC(0) Old regions: 2->2
[2022-04-21T02:09:05.865-0400][gc,heap      ] GC(0) Humongous regions: 0->0
[2022-04-21T02:09:05.865-0400][gc,metaspace ] GC(0) Metaspace: 16292K->16292K(1064960K)
[2022-04-21T02:09:05.865-0400][gc           ] GC(0) Pause Young (Normal) (G1 Evacuation Pause) 51M->7M(1024M) 9.021ms
[2022-04-21T02:09:05.865-0400][gc,cpu       ] GC(0) User=0.12s Sys=0.04s Real=0.01s
[2022-04-21T02:09:06.004-0400][gc,start     ] GC(1) Pause Young (Concurrent Start) (Metadata GC Threshold)
[2022-04-21T02:09:06.004-0400][gc,task      ] GC(1) Using 24 workers of 33 for evacuation
[2022-04-21T02:09:06.012-0400][gc,phases    ] GC(1)   Pre Evacuate Collection Set: 0.0ms
[2022-04-21T02:09:06.012-0400][gc,phases    ] GC(1)   Evacuate Collection Set: 7.5ms
[2022-04-21T02:09:06.012-0400][gc,phases    ] GC(1)   Post Evacuate Collection Set: 0.5ms
[2022-04-21T02:09:06.012-0400][gc,phases    ] GC(1)   Other: 0.3ms
[2022-04-21T02:09:06.012-0400][gc,heap      ] GC(1) Eden regions: 18->0(50)
[2022-04-21T02:09:06.012-0400][gc,heap      ] GC(1) Survivor regions: 7->1(7)
[2022-04-21T02:09:06.012-0400][gc,heap      ] GC(1) Old regions: 2->9
[2022-04-21T02:09:06.012-0400][gc,heap      ] GC(1) Humongous regions: 0->0
[2022-04-21T02:09:06.012-0400][gc,metaspace ] GC(1) Metaspace: 20595K->20595K(1067008K)
[2022-04-21T02:09:06.013-0400][gc           ] GC(1) Pause Young (Concurrent Start) (Metadata GC Threshold) 24M->8M(1024M) 8.379ms
[2022-04-21T02:09:06.013-0400][gc,cpu       ] GC(1) User=0.10s Sys=0.00s Real=0.01s
[2022-04-21T02:09:06.013-0400][gc           ] GC(2) Concurrent Cycle
[2022-04-21T02:09:06.013-0400][gc,marking   ] GC(2) Concurrent Clear Claimed Marks
[2022-04-21T02:09:06.013-0400][gc,marking   ] GC(2) Concurrent Clear Claimed Marks 0.015ms
[2022-04-21T02:09:06.013-0400][gc,marking   ] GC(2) Concurrent Scan Root Regions
[2022-04-21T02:09:06.014-0400][gc,marking   ] GC(2) Concurrent Scan Root Regions 0.932ms
[2022-04-21T02:09:06.014-0400][gc,marking   ] GC(2) Concurrent Mark (0.847s)
[2022-04-21T02:09:06.014-0400][gc,marking   ] GC(2) Concurrent Mark From Roots
[2022-04-21T02:09:06.014-0400][gc,task      ] GC(2) Using 8 workers of 8 for marking
[2022-04-21T02:09:06.018-0400][gc,marking   ] GC(2) Concurrent Mark From Roots 3.983ms
[2022-04-21T02:09:06.018-0400][gc,marking   ] GC(2) Concurrent Preclean
[2022-04-21T02:09:06.018-0400][gc,marking   ] GC(2) Concurrent Preclean 0.210ms
[2022-04-21T02:09:06.018-0400][gc,marking   ] GC(2) Concurrent Mark (0.847s, 0.851s) 4.219ms
[2022-04-21T02:09:06.018-0400][gc,start     ] GC(2) Pause Remark
[2022-04-21T02:09:06.019-0400][gc,stringtable] GC(2) Cleaned string and symbol table, strings: 4968 processed, 0 removed, symbols: 49703 processed, 50 removed
[2022-04-21T02:09:06.020-0400][gc            ] GC(2) Pause Remark 9M->9M(1024M) 1.678ms
[2022-04-21T02:09:06.020-0400][gc,cpu        ] GC(2) User=0.00s Sys=0.02s Real=0.01s
[2022-04-21T02:09:06.020-0400][gc,marking    ] GC(2) Concurrent Rebuild Remembered Sets
[2022-04-21T02:09:06.021-0400][gc,marking    ] GC(2) Concurrent Rebuild Remembered Sets 1.684ms
[2022-04-21T02:09:06.022-0400][gc,start      ] GC(2) Pause Cleanup
[2022-04-21T02:09:06.022-0400][gc            ] GC(2) Pause Cleanup 9M->9M(1024M) 0.107ms
[2022-04-21T02:09:06.022-0400][gc,cpu        ] GC(2) User=0.00s Sys=0.00s Real=0.00s
[2022-04-21T02:09:06.022-0400][gc,marking    ] GC(2) Concurrent Cleanup for Next Mark
[2022-04-21T02:09:06.023-0400][gc,marking    ] GC(2) Concurrent Cleanup for Next Mark 1.564ms
[2022-04-21T02:09:06.023-0400][gc            ] GC(2) Concurrent Cycle 10.947ms
[2022-04-21T02:09:06.389-0400][gc,start      ] GC(3) Pause Young (Normal) (G1 Evacuation Pause)
[2022-04-21T02:09:06.389-0400][gc,task       ] GC(3) Using 30 workers of 33 for evacuation
[2022-04-21T02:09:06.392-0400][gc,phases     ] GC(3)   Pre Evacuate Collection Set: 0.0ms
[2022-04-21T02:09:06.392-0400][gc,phases     ] GC(3)   Evacuate Collection Set: 1.7ms
[2022-04-21T02:09:06.392-0400][gc,phases     ] GC(3)   Post Evacuate Collection Set: 0.5ms
[2022-04-21T02:09:06.392-0400][gc,phases     ] GC(3)   Other: 0.8ms
[2022-04-21T02:09:06.392-0400][gc,heap       ] GC(3) Eden regions: 50->0(46)
[2022-04-21T02:09:06.392-0400][gc,heap       ] GC(3) Survivor regions: 1->5(7)
[2022-04-21T02:09:06.392-0400][gc,heap       ] GC(3) Old regions: 9->9
[2022-04-21T02:09:06.392-0400][gc,heap       ] GC(3) Humongous regions: 129->129
[2022-04-21T02:09:06.392-0400][gc,metaspace  ] GC(3) Metaspace: 30000K->30000K(1077248K)
[2022-04-21T02:09:06.392-0400][gc            ] GC(3) Pause Young (Normal) (G1 Evacuation Pause) 187M->140M(1024M) 3.076ms
[2022-04-21T02:09:06.392-0400][gc,cpu        ] GC(3) User=0.05s Sys=0.00s Real=0.01s
[2022-04-21T02:09:06.541-0400][gc,start      ] GC(4) Pause Young (Concurrent Start) (Metadata GC Threshold)
[2022-04-21T02:09:06.541-0400][gc,task       ] GC(4) Using 33 workers of 33 for evacuation
[2022-04-21T02:09:06.546-0400][gc,phases     ] GC(4)   Pre Evacuate Collection Set: 0.2ms
[2022-04-21T02:09:06.546-0400][gc,phases     ] GC(4)   Evacuate Collection Set: 4.0ms
[2022-04-21T02:09:06.546-0400][gc,phases     ] GC(4)   Post Evacuate Collection Set: 0.5ms
[2022-04-21T02:09:06.546-0400][gc,phases     ] GC(4)   Other: 0.6ms
[2022-04-21T02:09:06.546-0400][gc,heap       ] GC(4) Eden regions: 24->0(49)
[2022-04-21T02:09:06.546-0400][gc,heap       ] GC(4) Survivor regions: 5->2(7)
[2022-04-21T02:09:06.546-0400][gc,heap       ] GC(4) Old regions: 9->13
[2022-04-21T02:09:06.546-0400][gc,heap       ] GC(4) Humongous regions: 129->129
[2022-04-21T02:09:06.546-0400][gc,metaspace  ] GC(4) Metaspace: 34599K->34599K(1081344K)
[2022-04-21T02:09:06.546-0400][gc            ] GC(4) Pause Young (Concurrent Start) (Metadata GC Threshold) 164M->142M(1024M) 5.319ms
[2022-04-21T02:09:06.546-0400][gc,cpu        ] GC(4) User=0.11s Sys=0.01s Real=0.00s
[2022-04-21T02:09:06.546-0400][gc            ] GC(5) Concurrent Cycle
[2022-04-21T02:09:06.546-0400][gc,marking    ] GC(5) Concurrent Clear Claimed Marks
[2022-04-21T02:09:06.546-0400][gc,marking    ] GC(5) Concurrent Clear Claimed Marks 0.035ms
[2022-04-21T02:09:06.546-0400][gc,marking    ] GC(5) Concurrent Scan Root Regions
[2022-04-21T02:09:06.548-0400][gc,marking    ] GC(5) Concurrent Scan Root Regions 1.387ms
[2022-04-21T02:09:06.548-0400][gc,marking    ] GC(5) Concurrent Mark (1.381s)
[2022-04-21T02:09:06.548-0400][gc,marking    ] GC(5) Concurrent Mark From Roots
[2022-04-21T02:09:06.548-0400][gc,task       ] GC(5) Using 8 workers of 8 for marking
[2022-04-21T02:09:06.553-0400][gc,marking    ] GC(5) Concurrent Mark From Roots 4.881ms
[2022-04-21T02:09:06.553-0400][gc,marking    ] GC(5) Concurrent Preclean
[2022-04-21T02:09:06.553-0400][gc,marking    ] GC(5) Concurrent Preclean 0.269ms
[2022-04-21T02:09:06.553-0400][gc,marking    ] GC(5) Concurrent Mark (1.381s, 1.386s) 5.176ms
[2022-04-21T02:09:06.553-0400][gc,start      ] GC(5) Pause Remark
[2022-04-21T02:09:06.555-0400][gc,stringtable] GC(5) Cleaned string and symbol table, strings: 9820 processed, 12 removed, symbols: 79125 processed, 26 removed
[2022-04-21T02:09:06.555-0400][gc            ] GC(5) Pause Remark 143M->143M(1024M) 2.060ms
[2022-04-21T02:09:06.555-0400][gc,cpu        ] GC(5) User=0.05s Sys=0.00s Real=0.00s
[2022-04-21T02:09:06.555-0400][gc,marking    ] GC(5) Concurrent Rebuild Remembered Sets
[2022-04-21T02:09:06.559-0400][gc,marking    ] GC(5) Concurrent Rebuild Remembered Sets 3.342ms
[2022-04-21T02:09:06.559-0400][gc,start      ] GC(5) Pause Cleanup
[2022-04-21T02:09:06.559-0400][gc            ] GC(5) Pause Cleanup 143M->143M(1024M) 0.115ms
[2022-04-21T02:09:06.559-0400][gc,cpu        ] GC(5) User=0.00s Sys=0.00s Real=0.00s
[2022-04-21T02:09:06.559-0400][gc,marking    ] GC(5) Concurrent Cleanup for Next Mark
[2022-04-21T02:09:06.560-0400][gc,marking    ] GC(5) Concurrent Cleanup for Next Mark 1.493ms
[2022-04-21T02:09:06.560-0400][gc            ] GC(5) Concurrent Cycle 14.053ms
[2022-04-21T02:10:39.952-0400][gc,start      ] GC(6) Pause Young (Normal) (G1 Evacuation Pause)
[2022-04-21T02:10:39.952-0400][gc,task       ] GC(6) Using 33 workers of 33 for evacuation
[2022-04-21T02:10:39.955-0400][gc,phases     ] GC(6)   Pre Evacuate Collection Set: 0.0ms
[2022-04-21T02:10:39.955-0400][gc,phases     ] GC(6)   Evacuate Collection Set: 2.3ms
[2022-04-21T02:10:39.955-0400][gc,phases     ] GC(6)   Post Evacuate Collection Set: 0.5ms
[2022-04-21T02:10:39.955-0400][gc,phases     ] GC(6)   Other: 0.2ms
[2022-04-21T02:10:39.955-0400][gc,heap       ] GC(6) Eden regions: 49->0(48)
[2022-04-21T02:10:39.955-0400][gc,heap       ] GC(6) Survivor regions: 2->3(7)
[2022-04-21T02:10:39.955-0400][gc,heap       ] GC(6) Old regions: 13->13
[2022-04-21T02:10:39.955-0400][gc,heap       ] GC(6) Humongous regions: 129->129
[2022-04-21T02:10:39.955-0400][gc,metaspace  ] GC(6) Metaspace: 37350K->37350K(1083392K)
[2022-04-21T02:10:39.955-0400][gc            ] GC(6) Pause Young (Normal) (G1 Evacuation Pause) 191M->143M(1024M) 3.042ms
[2022-04-21T02:10:39.955-0400][gc,cpu        ] GC(6) User=0.05s Sys=0.00s Real=0.00s
[2022-04-21T02:10:41.757-0400][gc,heap,exit  ] Heap
[2022-04-21T02:10:41.757-0400][gc,heap,exit  ]  garbage-first heap   total 1048576K, used 152726K [0x00000000c0000000, 0x0000000100000000)
[2022-04-21T02:10:41.757-0400][gc,heap,exit  ]   region size 1024K, 10 young (10240K), 3 survivors (3072K)
[2022-04-21T02:10:41.757-0400][gc,heap,exit  ]  Metaspace       used 37521K, capacity 39226K, committed 39504K, reserved 1083392K
[2022-04-21T02:10:41.757-0400][gc,heap,exit  ]   class space    used 4768K, capacity 5603K, committed 5712K, reserved 1048576K
