[2022-04-21T02:11:02.490-0400][gc,heap] Heap region size: 1M
[2022-04-21T02:11:02.500-0400][gc     ] Using G1
[2022-04-21T02:11:02.500-0400][gc,heap,coops] Heap address: 0x00000000c0000000, size: 1024 MB, Compressed Oops mode: 32-bit
[2022-04-21T02:11:02.500-0400][gc,cds       ] Mark closed archive regions in map: [0x00000000ffc00000, 0x00000000ffc6aff8]
[2022-04-21T02:11:02.500-0400][gc,cds       ] Mark open archive regions in map: [0x00000000ff800000, 0x00000000ff846ff8]
[2022-04-21T02:11:03.179-0400][gc,start     ] GC(0) Pause Young (Normal) (G1 Evacuation Pause)
[2022-04-21T02:11:03.180-0400][gc,task      ] GC(0) Using 24 workers of 33 for evacuation
[2022-04-21T02:11:03.187-0400][gc,phases    ] GC(0)   Pre Evacuate Collection Set: 0.0ms
[2022-04-21T02:11:03.187-0400][gc,phases    ] GC(0)   Evacuate Collection Set: 5.7ms
[2022-04-21T02:11:03.187-0400][gc,phases    ] GC(0)   Post Evacuate Collection Set: 0.5ms
[2022-04-21T02:11:03.187-0400][gc,phases    ] GC(0)   Other: 1.7ms
[2022-04-21T02:11:03.187-0400][gc,heap      ] GC(0) Eden regions: 51->0(44)
[2022-04-21T02:11:03.187-0400][gc,heap      ] GC(0) Survivor regions: 0->7(7)
[2022-04-21T02:11:03.187-0400][gc,heap      ] GC(0) Old regions: 2->2
[2022-04-21T02:11:03.187-0400][gc,heap      ] GC(0) Humongous regions: 0->0
[2022-04-21T02:11:03.187-0400][gc,metaspace ] GC(0) Metaspace: 16053K->16053K(1062912K)
[2022-04-21T02:11:03.187-0400][gc           ] GC(0) Pause Young (Normal) (G1 Evacuation Pause) 51M->7M(1024M) 8.059ms
[2022-04-21T02:11:03.187-0400][gc,cpu       ] GC(0) User=0.10s Sys=0.01s Real=0.00s
[2022-04-21T02:11:03.331-0400][gc,start     ] GC(1) Pause Young (Concurrent Start) (Metadata GC Threshold)
[2022-04-21T02:11:03.331-0400][gc,task      ] GC(1) Using 24 workers of 33 for evacuation
[2022-04-21T02:11:03.340-0400][gc,phases    ] GC(1)   Pre Evacuate Collection Set: 0.1ms
[2022-04-21T02:11:03.340-0400][gc,phases    ] GC(1)   Evacuate Collection Set: 7.6ms
[2022-04-21T02:11:03.340-0400][gc,phases    ] GC(1)   Post Evacuate Collection Set: 0.4ms
[2022-04-21T02:11:03.340-0400][gc,phases    ] GC(1)   Other: 0.4ms
[2022-04-21T02:11:03.340-0400][gc,heap      ] GC(1) Eden regions: 19->0(50)
[2022-04-21T02:11:03.340-0400][gc,heap      ] GC(1) Survivor regions: 7->1(7)
[2022-04-21T02:11:03.340-0400][gc,heap      ] GC(1) Old regions: 2->9
[2022-04-21T02:11:03.340-0400][gc,heap      ] GC(1) Humongous regions: 0->0
[2022-04-21T02:11:03.340-0400][gc,metaspace ] GC(1) Metaspace: 20606K->20606K(1067008K)
[2022-04-21T02:11:03.340-0400][gc           ] GC(1) Pause Young (Concurrent Start) (Metadata GC Threshold) 25M->7M(1024M) 8.514ms
[2022-04-21T02:11:03.340-0400][gc,cpu       ] GC(1) User=0.06s Sys=0.03s Real=0.01s
[2022-04-21T02:11:03.340-0400][gc           ] GC(2) Concurrent Cycle
[2022-04-21T02:11:03.340-0400][gc,marking   ] GC(2) Concurrent Clear Claimed Marks
[2022-04-21T02:11:03.340-0400][gc,marking   ] GC(2) Concurrent Clear Claimed Marks 0.010ms
[2022-04-21T02:11:03.340-0400][gc,marking   ] GC(2) Concurrent Scan Root Regions
[2022-04-21T02:11:03.340-0400][gc,marking   ] GC(2) Concurrent Scan Root Regions 0.647ms
[2022-04-21T02:11:03.340-0400][gc,marking   ] GC(2) Concurrent Mark (0.870s)
[2022-04-21T02:11:03.340-0400][gc,marking   ] GC(2) Concurrent Mark From Roots
[2022-04-21T02:11:03.341-0400][gc,task      ] GC(2) Using 8 workers of 8 for marking
[2022-04-21T02:11:03.344-0400][gc,marking   ] GC(2) Concurrent Mark From Roots 3.835ms
[2022-04-21T02:11:03.344-0400][gc,marking   ] GC(2) Concurrent Preclean
[2022-04-21T02:11:03.344-0400][gc,marking   ] GC(2) Concurrent Preclean 0.188ms
[2022-04-21T02:11:03.344-0400][gc,marking   ] GC(2) Concurrent Mark (0.870s, 0.874s) 4.049ms
[2022-04-21T02:11:03.345-0400][gc,start     ] GC(2) Pause Remark
[2022-04-21T02:11:03.346-0400][gc,stringtable] GC(2) Cleaned string and symbol table, strings: 4963 processed, 0 removed, symbols: 49649 processed, 50 removed
[2022-04-21T02:11:03.346-0400][gc            ] GC(2) Pause Remark 8M->8M(1024M) 1.833ms
[2022-04-21T02:11:03.346-0400][gc,cpu        ] GC(2) User=0.02s Sys=0.01s Real=0.00s
[2022-04-21T02:11:03.346-0400][gc,marking    ] GC(2) Concurrent Rebuild Remembered Sets
[2022-04-21T02:11:03.348-0400][gc,marking    ] GC(2) Concurrent Rebuild Remembered Sets 1.609ms
[2022-04-21T02:11:03.348-0400][gc,start      ] GC(2) Pause Cleanup
[2022-04-21T02:11:03.348-0400][gc            ] GC(2) Pause Cleanup 8M->8M(1024M) 0.142ms
[2022-04-21T02:11:03.348-0400][gc,cpu        ] GC(2) User=0.00s Sys=0.00s Real=0.00s
[2022-04-21T02:11:03.348-0400][gc,marking    ] GC(2) Concurrent Cleanup for Next Mark
[2022-04-21T02:11:03.350-0400][gc,marking    ] GC(2) Concurrent Cleanup for Next Mark 1.373ms
[2022-04-21T02:11:03.350-0400][gc            ] GC(2) Concurrent Cycle 9.984ms
[2022-04-21T02:11:03.708-0400][gc,start      ] GC(3) Pause Young (Normal) (G1 Evacuation Pause)
[2022-04-21T02:11:03.708-0400][gc,task       ] GC(3) Using 30 workers of 33 for evacuation
[2022-04-21T02:11:03.711-0400][gc,phases     ] GC(3)   Pre Evacuate Collection Set: 0.0ms
[2022-04-21T02:11:03.711-0400][gc,phases     ] GC(3)   Evacuate Collection Set: 2.0ms
[2022-04-21T02:11:03.711-0400][gc,phases     ] GC(3)   Post Evacuate Collection Set: 0.5ms
[2022-04-21T02:11:03.711-0400][gc,phases     ] GC(3)   Other: 0.6ms
[2022-04-21T02:11:03.711-0400][gc,heap       ] GC(3) Eden regions: 50->0(46)
[2022-04-21T02:11:03.711-0400][gc,heap       ] GC(3) Survivor regions: 1->5(7)
[2022-04-21T02:11:03.711-0400][gc,heap       ] GC(3) Old regions: 9->9
[2022-04-21T02:11:03.711-0400][gc,heap       ] GC(3) Humongous regions: 129->129
[2022-04-21T02:11:03.711-0400][gc,metaspace  ] GC(3) Metaspace: 29995K->29995K(1077248K)
[2022-04-21T02:11:03.711-0400][gc            ] GC(3) Pause Young (Normal) (G1 Evacuation Pause) 186M->140M(1024M) 3.260ms
[2022-04-21T02:11:03.711-0400][gc,cpu        ] GC(3) User=0.06s Sys=0.00s Real=0.01s
[2022-04-21T02:11:03.859-0400][gc,start      ] GC(4) Pause Young (Concurrent Start) (Metadata GC Threshold)
[2022-04-21T02:11:03.859-0400][gc,task       ] GC(4) Using 33 workers of 33 for evacuation
[2022-04-21T02:11:03.866-0400][gc,phases     ] GC(4)   Pre Evacuate Collection Set: 0.1ms
[2022-04-21T02:11:03.866-0400][gc,phases     ] GC(4)   Evacuate Collection Set: 5.8ms
[2022-04-21T02:11:03.866-0400][gc,phases     ] GC(4)   Post Evacuate Collection Set: 0.5ms
[2022-04-21T02:11:03.866-0400][gc,phases     ] GC(4)   Other: 0.6ms
[2022-04-21T02:11:03.866-0400][gc,heap       ] GC(4) Eden regions: 23->0(49)
[2022-04-21T02:11:03.866-0400][gc,heap       ] GC(4) Survivor regions: 5->2(7)
[2022-04-21T02:11:03.866-0400][gc,heap       ] GC(4) Old regions: 9->13
[2022-04-21T02:11:03.866-0400][gc,heap       ] GC(4) Humongous regions: 129->129
[2022-04-21T02:11:03.866-0400][gc,metaspace  ] GC(4) Metaspace: 34378K->34378K(1081344K)
[2022-04-21T02:11:03.866-0400][gc            ] GC(4) Pause Young (Concurrent Start) (Metadata GC Threshold) 162M->142M(1024M) 7.100ms
[2022-04-21T02:11:03.866-0400][gc,cpu        ] GC(4) User=0.18s Sys=0.01s Real=0.00s
[2022-04-21T02:11:03.866-0400][gc            ] GC(5) Concurrent Cycle
[2022-04-21T02:11:03.866-0400][gc,marking    ] GC(5) Concurrent Clear Claimed Marks
[2022-04-21T02:11:03.866-0400][gc,marking    ] GC(5) Concurrent Clear Claimed Marks 0.029ms
[2022-04-21T02:11:03.866-0400][gc,marking    ] GC(5) Concurrent Scan Root Regions
[2022-04-21T02:11:03.868-0400][gc,marking    ] GC(5) Concurrent Scan Root Regions 1.280ms
[2022-04-21T02:11:03.868-0400][gc,marking    ] GC(5) Concurrent Mark (1.398s)
[2022-04-21T02:11:03.868-0400][gc,marking    ] GC(5) Concurrent Mark From Roots
[2022-04-21T02:11:03.868-0400][gc,task       ] GC(5) Using 8 workers of 8 for marking
[2022-04-21T02:11:03.872-0400][gc,marking    ] GC(5) Concurrent Mark From Roots 4.001ms
[2022-04-21T02:11:03.872-0400][gc,marking    ] GC(5) Concurrent Preclean
[2022-04-21T02:11:03.872-0400][gc,marking    ] GC(5) Concurrent Preclean 0.156ms
[2022-04-21T02:11:03.872-0400][gc,marking    ] GC(5) Concurrent Mark (1.398s, 1.402s) 4.179ms
[2022-04-21T02:11:03.872-0400][gc,start      ] GC(5) Pause Remark
[2022-04-21T02:11:03.873-0400][gc,stringtable] GC(5) Cleaned string and symbol table, strings: 9710 processed, 12 removed, symbols: 79031 processed, 25 removed
[2022-04-21T02:11:03.874-0400][gc            ] GC(5) Pause Remark 142M->142M(1024M) 1.885ms
[2022-04-21T02:11:03.874-0400][gc,cpu        ] GC(5) User=0.03s Sys=0.00s Real=0.00s
[2022-04-21T02:11:03.874-0400][gc,marking    ] GC(5) Concurrent Rebuild Remembered Sets
[2022-04-21T02:11:03.876-0400][gc,marking    ] GC(5) Concurrent Rebuild Remembered Sets 2.257ms
[2022-04-21T02:11:03.876-0400][gc,start      ] GC(5) Pause Cleanup
[2022-04-21T02:11:03.876-0400][gc            ] GC(5) Pause Cleanup 142M->142M(1024M) 0.118ms
[2022-04-21T02:11:03.876-0400][gc,cpu        ] GC(5) User=0.01s Sys=0.00s Real=0.00s
[2022-04-21T02:11:03.876-0400][gc,marking    ] GC(5) Concurrent Cleanup for Next Mark
[2022-04-21T02:11:03.878-0400][gc,marking    ] GC(5) Concurrent Cleanup for Next Mark 1.258ms
[2022-04-21T02:11:03.878-0400][gc            ] GC(5) Concurrent Cycle 11.421ms
[2022-04-21T02:12:39.062-0400][gc,heap,exit  ] Heap
[2022-04-21T02:12:39.062-0400][gc,heap,exit  ]  garbage-first heap   total 1048576K, used 171065K [0x00000000c0000000, 0x0000000100000000)
[2022-04-21T02:12:39.062-0400][gc,heap,exit  ]   region size 1024K, 28 young (28672K), 2 survivors (2048K)
[2022-04-21T02:12:39.062-0400][gc,heap,exit  ]  Metaspace       used 35924K, capacity 37470K, committed 37760K, reserved 1081344K
[2022-04-21T02:12:39.062-0400][gc,heap,exit  ]   class space    used 4566K, capacity 5297K, committed 5376K, reserved 1048576K
