[2022-04-21T02:19:40.458-0400][gc,heap] Heap region size: 1M
[2022-04-21T02:19:40.468-0400][gc     ] Using G1
[2022-04-21T02:19:40.468-0400][gc,heap,coops] Heap address: 0x00000000c0000000, size: 1024 MB, Compressed Oops mode: 32-bit
[2022-04-21T02:19:40.468-0400][gc,cds       ] Mark closed archive regions in map: [0x00000000ffc00000, 0x00000000ffc6aff8]
[2022-04-21T02:19:40.468-0400][gc,cds       ] Mark open archive regions in map: [0x00000000ff800000, 0x00000000ff846ff8]
[2022-04-21T02:19:41.153-0400][gc,start     ] GC(0) Pause Young (Normal) (G1 Evacuation Pause)
[2022-04-21T02:19:41.155-0400][gc,task      ] GC(0) Using 24 workers of 33 for evacuation
[2022-04-21T02:19:41.165-0400][gc,phases    ] GC(0)   Pre Evacuate Collection Set: 0.0ms
[2022-04-21T02:19:41.165-0400][gc,phases    ] GC(0)   Evacuate Collection Set: 9.7ms
[2022-04-21T02:19:41.165-0400][gc,phases    ] GC(0)   Post Evacuate Collection Set: 0.5ms
[2022-04-21T02:19:41.165-0400][gc,phases    ] GC(0)   Other: 1.9ms
[2022-04-21T02:19:41.165-0400][gc,heap      ] GC(0) Eden regions: 51->0(44)
[2022-04-21T02:19:41.165-0400][gc,heap      ] GC(0) Survivor regions: 0->7(7)
[2022-04-21T02:19:41.165-0400][gc,heap      ] GC(0) Old regions: 2->2
[2022-04-21T02:19:41.165-0400][gc,heap      ] GC(0) Humongous regions: 0->0
[2022-04-21T02:19:41.165-0400][gc,metaspace ] GC(0) Metaspace: 16276K->16276K(1064960K)
[2022-04-21T02:19:41.165-0400][gc           ] GC(0) Pause Young (Normal) (G1 Evacuation Pause) 51M->7M(1024M) 12.103ms
[2022-04-21T02:19:41.165-0400][gc,cpu       ] GC(0) User=0.16s Sys=0.01s Real=0.01s
[2022-04-21T02:19:41.318-0400][gc,start     ] GC(1) Pause Young (Concurrent Start) (Metadata GC Threshold)
[2022-04-21T02:19:41.318-0400][gc,task      ] GC(1) Using 24 workers of 33 for evacuation
[2022-04-21T02:19:41.328-0400][gc,phases    ] GC(1)   Pre Evacuate Collection Set: 0.1ms
[2022-04-21T02:19:41.328-0400][gc,phases    ] GC(1)   Evacuate Collection Set: 8.4ms
[2022-04-21T02:19:41.328-0400][gc,phases    ] GC(1)   Post Evacuate Collection Set: 0.5ms
[2022-04-21T02:19:41.328-0400][gc,phases    ] GC(1)   Other: 0.4ms
[2022-04-21T02:19:41.328-0400][gc,heap      ] GC(1) Eden regions: 18->0(50)
[2022-04-21T02:19:41.328-0400][gc,heap      ] GC(1) Survivor regions: 7->1(7)
[2022-04-21T02:19:41.328-0400][gc,heap      ] GC(1) Old regions: 2->9
[2022-04-21T02:19:41.328-0400][gc,heap      ] GC(1) Humongous regions: 0->0
[2022-04-21T02:19:41.328-0400][gc,metaspace ] GC(1) Metaspace: 20593K->20593K(1067008K)
[2022-04-21T02:19:41.328-0400][gc           ] GC(1) Pause Young (Concurrent Start) (Metadata GC Threshold) 25M->7M(1024M) 9.402ms
[2022-04-21T02:19:41.328-0400][gc,cpu       ] GC(1) User=0.09s Sys=0.00s Real=0.00s
[2022-04-21T02:19:41.328-0400][gc           ] GC(2) Concurrent Cycle
[2022-04-21T02:19:41.328-0400][gc,marking   ] GC(2) Concurrent Clear Claimed Marks
[2022-04-21T02:19:41.328-0400][gc,marking   ] GC(2) Concurrent Clear Claimed Marks 0.015ms
[2022-04-21T02:19:41.328-0400][gc,marking   ] GC(2) Concurrent Scan Root Regions
[2022-04-21T02:19:41.329-0400][gc,marking   ] GC(2) Concurrent Scan Root Regions 0.894ms
[2022-04-21T02:19:41.329-0400][gc,marking   ] GC(2) Concurrent Mark (0.893s)
[2022-04-21T02:19:41.329-0400][gc,marking   ] GC(2) Concurrent Mark From Roots
[2022-04-21T02:19:41.329-0400][gc,task      ] GC(2) Using 8 workers of 8 for marking
[2022-04-21T02:19:41.332-0400][gc,marking   ] GC(2) Concurrent Mark From Roots 3.545ms
[2022-04-21T02:19:41.332-0400][gc,marking   ] GC(2) Concurrent Preclean
[2022-04-21T02:19:41.333-0400][gc,marking   ] GC(2) Concurrent Preclean 0.221ms
[2022-04-21T02:19:41.333-0400][gc,marking   ] GC(2) Concurrent Mark (0.893s, 0.897s) 3.795ms
[2022-04-21T02:19:41.333-0400][gc,start     ] GC(2) Pause Remark
[2022-04-21T02:19:41.334-0400][gc,stringtable] GC(2) Cleaned string and symbol table, strings: 4962 processed, 0 removed, symbols: 49648 processed, 50 removed
[2022-04-21T02:19:41.334-0400][gc            ] GC(2) Pause Remark 8M->8M(1024M) 1.545ms
[2022-04-21T02:19:41.334-0400][gc,cpu        ] GC(2) User=0.03s Sys=0.00s Real=0.00s
[2022-04-21T02:19:41.334-0400][gc,marking    ] GC(2) Concurrent Rebuild Remembered Sets
[2022-04-21T02:19:41.337-0400][gc,marking    ] GC(2) Concurrent Rebuild Remembered Sets 2.192ms
[2022-04-21T02:19:41.337-0400][gc,start      ] GC(2) Pause Cleanup
[2022-04-21T02:19:41.337-0400][gc            ] GC(2) Pause Cleanup 8M->8M(1024M) 0.132ms
[2022-04-21T02:19:41.337-0400][gc,cpu        ] GC(2) User=0.00s Sys=0.00s Real=0.00s
[2022-04-21T02:19:41.337-0400][gc,marking    ] GC(2) Concurrent Cleanup for Next Mark
[2022-04-21T02:19:41.338-0400][gc,marking    ] GC(2) Concurrent Cleanup for Next Mark 1.238ms
[2022-04-21T02:19:41.338-0400][gc            ] GC(2) Concurrent Cycle 10.443ms
[2022-04-21T02:19:41.697-0400][gc,start      ] GC(3) Pause Young (Normal) (G1 Evacuation Pause)
[2022-04-21T02:19:41.698-0400][gc,task       ] GC(3) Using 30 workers of 33 for evacuation
[2022-04-21T02:19:41.700-0400][gc,phases     ] GC(3)   Pre Evacuate Collection Set: 0.0ms
[2022-04-21T02:19:41.700-0400][gc,phases     ] GC(3)   Evacuate Collection Set: 1.8ms
[2022-04-21T02:19:41.700-0400][gc,phases     ] GC(3)   Post Evacuate Collection Set: 0.4ms
[2022-04-21T02:19:41.700-0400][gc,phases     ] GC(3)   Other: 0.6ms
[2022-04-21T02:19:41.700-0400][gc,heap       ] GC(3) Eden regions: 50->0(46)
[2022-04-21T02:19:41.700-0400][gc,heap       ] GC(3) Survivor regions: 1->5(7)
[2022-04-21T02:19:41.700-0400][gc,heap       ] GC(3) Old regions: 9->9
[2022-04-21T02:19:41.700-0400][gc,heap       ] GC(3) Humongous regions: 129->129
[2022-04-21T02:19:41.700-0400][gc,metaspace  ] GC(3) Metaspace: 30149K->30149K(1077248K)
[2022-04-21T02:19:41.700-0400][gc            ] GC(3) Pause Young (Normal) (G1 Evacuation Pause) 186M->140M(1024M) 2.931ms
[2022-04-21T02:19:41.700-0400][gc,cpu        ] GC(3) User=0.05s Sys=0.01s Real=0.01s
[2022-04-21T02:19:41.853-0400][gc,start      ] GC(4) Pause Young (Concurrent Start) (Metadata GC Threshold)
[2022-04-21T02:19:41.854-0400][gc,task       ] GC(4) Using 33 workers of 33 for evacuation
[2022-04-21T02:19:41.859-0400][gc,phases     ] GC(4)   Pre Evacuate Collection Set: 0.2ms
[2022-04-21T02:19:41.859-0400][gc,phases     ] GC(4)   Evacuate Collection Set: 4.1ms
[2022-04-21T02:19:41.859-0400][gc,phases     ] GC(4)   Post Evacuate Collection Set: 0.5ms
[2022-04-21T02:19:41.859-0400][gc,phases     ] GC(4)   Other: 0.6ms
[2022-04-21T02:19:41.859-0400][gc,heap       ] GC(4) Eden regions: 23->0(49)
[2022-04-21T02:19:41.859-0400][gc,heap       ] GC(4) Survivor regions: 5->2(7)
[2022-04-21T02:19:41.859-0400][gc,heap       ] GC(4) Old regions: 9->13
[2022-04-21T02:19:41.859-0400][gc,heap       ] GC(4) Humongous regions: 129->129
[2022-04-21T02:19:41.859-0400][gc,metaspace  ] GC(4) Metaspace: 34422K->34422K(1081344K)
[2022-04-21T02:19:41.859-0400][gc            ] GC(4) Pause Young (Concurrent Start) (Metadata GC Threshold) 162M->141M(1024M) 5.419ms
[2022-04-21T02:19:41.859-0400][gc,cpu        ] GC(4) User=0.13s Sys=0.01s Real=0.01s
[2022-04-21T02:19:41.859-0400][gc            ] GC(5) Concurrent Cycle
[2022-04-21T02:19:41.859-0400][gc,marking    ] GC(5) Concurrent Clear Claimed Marks
[2022-04-21T02:19:41.859-0400][gc,marking    ] GC(5) Concurrent Clear Claimed Marks 0.028ms
[2022-04-21T02:19:41.859-0400][gc,marking    ] GC(5) Concurrent Scan Root Regions
[2022-04-21T02:19:41.860-0400][gc,marking    ] GC(5) Concurrent Scan Root Regions 1.515ms
[2022-04-21T02:19:41.860-0400][gc,marking    ] GC(5) Concurrent Mark (1.424s)
[2022-04-21T02:19:41.860-0400][gc,marking    ] GC(5) Concurrent Mark From Roots
[2022-04-21T02:19:41.860-0400][gc,task       ] GC(5) Using 8 workers of 8 for marking
[2022-04-21T02:19:41.865-0400][gc,marking    ] GC(5) Concurrent Mark From Roots 4.769ms
[2022-04-21T02:19:41.865-0400][gc,marking    ] GC(5) Concurrent Preclean
[2022-04-21T02:19:41.865-0400][gc,marking    ] GC(5) Concurrent Preclean 0.258ms
[2022-04-21T02:19:41.865-0400][gc,marking    ] GC(5) Concurrent Mark (1.424s, 1.430s) 5.061ms
[2022-04-21T02:19:41.866-0400][gc,start      ] GC(5) Pause Remark
[2022-04-21T02:19:41.868-0400][gc,stringtable] GC(5) Cleaned string and symbol table, strings: 9720 processed, 12 removed, symbols: 79036 processed, 26 removed
[2022-04-21T02:19:41.868-0400][gc            ] GC(5) Pause Remark 142M->142M(1024M) 2.204ms
[2022-04-21T02:19:41.868-0400][gc,cpu        ] GC(5) User=0.06s Sys=0.00s Real=0.00s
[2022-04-21T02:19:41.868-0400][gc,marking    ] GC(5) Concurrent Rebuild Remembered Sets
[2022-04-21T02:19:41.870-0400][gc,marking    ] GC(5) Concurrent Rebuild Remembered Sets 2.340ms
[2022-04-21T02:19:41.870-0400][gc,start      ] GC(5) Pause Cleanup
[2022-04-21T02:19:41.871-0400][gc            ] GC(5) Pause Cleanup 143M->143M(1024M) 0.206ms
[2022-04-21T02:19:41.871-0400][gc,cpu        ] GC(5) User=0.00s Sys=0.00s Real=0.00s
[2022-04-21T02:19:41.871-0400][gc,marking    ] GC(5) Concurrent Cleanup for Next Mark
[2022-04-21T02:19:41.872-0400][gc,marking    ] GC(5) Concurrent Cleanup for Next Mark 1.156ms
[2022-04-21T02:19:41.872-0400][gc            ] GC(5) Concurrent Cycle 12.951ms
[2022-04-21T02:20:21.589-0400][gc,start      ] GC(6) Pause Young (Normal) (G1 Evacuation Pause)
[2022-04-21T02:20:21.589-0400][gc,task       ] GC(6) Using 33 workers of 33 for evacuation
[2022-04-21T02:20:21.592-0400][gc,phases     ] GC(6)   Pre Evacuate Collection Set: 0.0ms
[2022-04-21T02:20:21.592-0400][gc,phases     ] GC(6)   Evacuate Collection Set: 1.7ms
[2022-04-21T02:20:21.592-0400][gc,phases     ] GC(6)   Post Evacuate Collection Set: 0.8ms
[2022-04-21T02:20:21.592-0400][gc,phases     ] GC(6)   Other: 0.2ms
[2022-04-21T02:20:21.592-0400][gc,heap       ] GC(6) Eden regions: 49->0(47)
[2022-04-21T02:20:21.592-0400][gc,heap       ] GC(6) Survivor regions: 2->4(7)
[2022-04-21T02:20:21.592-0400][gc,heap       ] GC(6) Old regions: 13->13
[2022-04-21T02:20:21.592-0400][gc,heap       ] GC(6) Humongous regions: 129->129
[2022-04-21T02:20:21.592-0400][gc,metaspace  ] GC(6) Metaspace: 38836K->38836K(1085440K)
[2022-04-21T02:20:21.592-0400][gc            ] GC(6) Pause Young (Normal) (G1 Evacuation Pause) 190M->143M(1024M) 2.788ms
[2022-04-21T02:20:21.592-0400][gc,cpu        ] GC(6) User=0.05s Sys=0.00s Real=0.01s
[2022-04-21T02:20:37.061-0400][gc,heap,exit  ] Heap
[2022-04-21T02:20:37.061-0400][gc,heap,exit  ]  garbage-first heap   total 1048576K, used 157554K [0x00000000c0000000, 0x0000000100000000)
[2022-04-21T02:20:37.061-0400][gc,heap,exit  ]   region size 1024K, 15 young (15360K), 4 survivors (4096K)
[2022-04-21T02:20:37.061-0400][gc,heap,exit  ]  Metaspace       used 39125K, capacity 41115K, committed 41472K, reserved 1085440K
[2022-04-21T02:20:37.061-0400][gc,heap,exit  ]   class space    used 5067K, capacity 6027K, committed 6144K, reserved 1048576K
