[2022-04-21T01:59:51.506-0400][gc,heap] Heap region size: 1M
[2022-04-21T01:59:51.512-0400][gc     ] Using G1
[2022-04-21T01:59:51.512-0400][gc,heap,coops] Heap address: 0x00000000e0000000, size: 512 MB, Compressed Oops mode: 32-bit
[2022-04-21T01:59:51.512-0400][gc,cds       ] Mark closed archive regions in map: [0x00000000ffc00000, 0x00000000ffc6aff8]
[2022-04-21T01:59:51.512-0400][gc,cds       ] Mark open archive regions in map: [0x00000000ff800000, 0x00000000ff846ff8]
[2022-04-21T01:59:57.045-0400][gc,start     ] GC(0) Pause Young (Normal) (G1 Evacuation Pause)
[2022-04-21T01:59:57.046-0400][gc,task      ] GC(0) Using 12 workers of 33 for evacuation
[2022-04-21T01:59:57.053-0400][gc,phases    ] GC(0)   Pre Evacuate Collection Set: 0.0ms
[2022-04-21T01:59:57.053-0400][gc,phases    ] GC(0)   Evacuate Collection Set: 5.9ms
[2022-04-21T01:59:57.053-0400][gc,phases    ] GC(0)   Post Evacuate Collection Set: 0.3ms
[2022-04-21T01:59:57.053-0400][gc,phases    ] GC(0)   Other: 1.1ms
[2022-04-21T01:59:57.053-0400][gc,heap      ] GC(0) Eden regions: 25->0(21)
[2022-04-21T01:59:57.053-0400][gc,heap      ] GC(0) Survivor regions: 0->4(4)
[2022-04-21T01:59:57.053-0400][gc,heap      ] GC(0) Old regions: 2->4
[2022-04-21T01:59:57.053-0400][gc,heap      ] GC(0) Humongous regions: 0->0
[2022-04-21T01:59:57.053-0400][gc,metaspace ] GC(0) Metaspace: 7711K->7711K(1056768K)
[2022-04-21T01:59:57.053-0400][gc           ] GC(0) Pause Young (Normal) (G1 Evacuation Pause) 25M->5M(512M) 7.375ms
[2022-04-21T01:59:57.053-0400][gc,cpu       ] GC(0) User=0.07s Sys=0.01s Real=0.01s
[2022-04-21T02:05:26.442-0400][gc,heap,exit ] Heap
[2022-04-21T02:05:26.442-0400][gc,heap,exit ]  garbage-first heap   total 524288K, used 16270K [0x00000000e0000000, 0x0000000100000000)
[2022-04-21T02:05:26.442-0400][gc,heap,exit ]   region size 1024K, 15 young (15360K), 4 survivors (4096K)
[2022-04-21T02:05:26.442-0400][gc,heap,exit ]  Metaspace       used 8294K, capacity 8591K, committed 8704K, reserved 1056768K
[2022-04-21T02:05:26.442-0400][gc,heap,exit ]   class space    used 891K, capacity 1015K, committed 1024K, reserved 1048576K
